Component: ARM Compiler 5.06 update 1 (build 61) Tool: armlink [4d35a8]

==============================================================================

Section Cross References

    main.o(i.BFTM0_IRQHandler) refers to ht32f5xxxx_bftm.o(i.BFTM_ClearFlag) for BFTM_ClearFlag
    main.o(i.BFTM0_IRQHandler) refers to main.o(.data) for .data
    main.o(i.BFTM1_IRQHandler) refers to ht32f5xxxx_bftm.o(i.BFTM_ClearFlag) for BFTM_ClearFlag
    main.o(i.BFTM1_IRQHandler) refers to printfa.o(i.__0printf) for __2printf
    main.o(i.BFTM1_IRQHandler) refers to f2d.o(.text) for __aeabi_f2d
    main.o(i.BFTM1_IRQHandler) refers to main.o(.data) for .data
    main.o(i.BFTM_Configuration) refers to ht32f5xxxx_ckcu.o(i.CKCU_PeripClockConfig) for CKCU_PeripClockConfig
    main.o(i.BFTM_Configuration) refers to uidiv.o(.text) for __aeabi_uidivmod
    main.o(i.BFTM_Configuration) refers to ht32f5xxxx_bftm.o(i.BFTM_SetCompare) for BFTM_SetCompare
    main.o(i.BFTM_Configuration) refers to ht32f5xxxx_bftm.o(i.BFTM_SetCounter) for BFTM_SetCounter
    main.o(i.BFTM_Configuration) refers to ht32f5xxxx_bftm.o(i.BFTM_IntConfig) for BFTM_IntConfig
    main.o(i.BFTM_Configuration) refers to ht32f5xxxx_bftm.o(i.BFTM_EnaCmd) for BFTM_EnaCmd
    main.o(i.BFTM_Configuration) refers to main.o(i.NVIC_EnableIRQ) for NVIC_EnableIRQ
    main.o(i.BFTM_Configuration) refers to system_ht32f5xxxx_01.o(.data) for SystemCoreClock
    main.o(i.BFTM_Configuration_1) refers to ht32f5xxxx_ckcu.o(i.CKCU_PeripClockConfig) for CKCU_PeripClockConfig
    main.o(i.BFTM_Configuration_1) refers to uidiv.o(.text) for __aeabi_uidivmod
    main.o(i.BFTM_Configuration_1) refers to ht32f5xxxx_bftm.o(i.BFTM_SetCompare) for BFTM_SetCompare
    main.o(i.BFTM_Configuration_1) refers to ht32f5xxxx_bftm.o(i.BFTM_SetCounter) for BFTM_SetCounter
    main.o(i.BFTM_Configuration_1) refers to ht32f5xxxx_bftm.o(i.BFTM_IntConfig) for BFTM_IntConfig
    main.o(i.BFTM_Configuration_1) refers to ht32f5xxxx_bftm.o(i.BFTM_EnaCmd) for BFTM_EnaCmd
    main.o(i.BFTM_Configuration_1) refers to main.o(i.NVIC_EnableIRQ) for NVIC_EnableIRQ
    main.o(i.BFTM_Configuration_1) refers to system_ht32f5xxxx_01.o(.data) for SystemCoreClock
    main.o(i.CKCU_Configuration) refers to ht32f5xxxx_ckcu.o(i.CKCU_PeripClockConfig) for CKCU_PeripClockConfig
    main.o(i.EXTI0_1_IRQHandler) refers to ht32f5xxxx_exti.o(i.EXTI_GetEdgeFlag) for EXTI_GetEdgeFlag
    main.o(i.EXTI0_1_IRQHandler) refers to ht32f5xxxx_exti.o(i.EXTI_ClearEdgeFlag) for EXTI_ClearEdgeFlag
    main.o(i.EXTI0_1_IRQHandler) refers to ht32f5xxxx_gpio.o(i.GPIO_WriteOutBits) for GPIO_WriteOutBits
    main.o(i.EXTI0_1_IRQHandler) refers to delay.o(i.delay_us) for delay_us
    main.o(i.EXTI0_1_IRQHandler) refers to main.o(.data) for .data
    main.o(i.EXTI4_15_IRQHandler) refers to ht32f5xxxx_exti.o(i.EXTI_GetEdgeStatus) for EXTI_GetEdgeStatus
    main.o(i.EXTI4_15_IRQHandler) refers to ht32f5xxxx_exti.o(i.EXTI_ClearEdgeFlag) for EXTI_ClearEdgeFlag
    main.o(i.EXTI4_15_IRQHandler) refers to main.o(.data) for .data
    main.o(i.EXTI_KEY1_Configuration) refers to ht32f5xxxx_ckcu.o(i.CKCU_PeripClockConfig) for CKCU_PeripClockConfig
    main.o(i.EXTI_KEY1_Configuration) refers to ht32f5xxxx_gpio.o(i.AFIO_GPxConfig) for AFIO_GPxConfig
    main.o(i.EXTI_KEY1_Configuration) refers to ht32f5xxxx_gpio.o(i.GPIO_InputConfig) for GPIO_InputConfig
    main.o(i.EXTI_KEY1_Configuration) refers to ht32f5xxxx_gpio.o(i.GPIO_PullResistorConfig) for GPIO_PullResistorConfig
    main.o(i.EXTI_KEY1_Configuration) refers to ht32f5xxxx_gpio.o(i.AFIO_EXTISourceConfig) for AFIO_EXTISourceConfig
    main.o(i.EXTI_KEY1_Configuration) refers to ht32f5xxxx_exti.o(i.EXTI_Init) for EXTI_Init
    main.o(i.EXTI_KEY1_Configuration) refers to ht32f5xxxx_exti.o(i.EXTI_IntConfig) for EXTI_IntConfig
    main.o(i.EXTI_KEY1_Configuration) refers to main.o(i.NVIC_EnableIRQ) for NVIC_EnableIRQ
    main.o(i.EXTI_WAKE_Configuration) refers to ht32f5xxxx_ckcu.o(i.CKCU_PeripClockConfig) for CKCU_PeripClockConfig
    main.o(i.EXTI_WAKE_Configuration) refers to ht32f5xxxx_gpio.o(i.AFIO_GPxConfig) for AFIO_GPxConfig
    main.o(i.EXTI_WAKE_Configuration) refers to ht32f5xxxx_gpio.o(i.GPIO_InputConfig) for GPIO_InputConfig
    main.o(i.EXTI_WAKE_Configuration) refers to ht32f5xxxx_gpio.o(i.GPIO_PullResistorConfig) for GPIO_PullResistorConfig
    main.o(i.EXTI_WAKE_Configuration) refers to ht32f5xxxx_gpio.o(i.AFIO_EXTISourceConfig) for AFIO_EXTISourceConfig
    main.o(i.EXTI_WAKE_Configuration) refers to ht32f5xxxx_exti.o(i.EXTI_Init) for EXTI_Init
    main.o(i.EXTI_WAKE_Configuration) refers to ht32f5xxxx_exti.o(i.EXTI_IntConfig) for EXTI_IntConfig
    main.o(i.EXTI_WAKE_Configuration) refers to main.o(i.NVIC_EnableIRQ) for NVIC_EnableIRQ
    main.o(i.GPIO_IN_Configuration) refers to ht32f5xxxx_gpio.o(i.AFIO_GPxConfig) for AFIO_GPxConfig
    main.o(i.GPIO_IN_Configuration) refers to ht32f5xxxx_gpio.o(i.GPIO_DirectionConfig) for GPIO_DirectionConfig
[...]
    Removing ht32f5xxxx_ckcu.o(i.CKCU_BKISOCmd), (28 bytes).
    Removing ht32f5xxxx_ckcu.o(i.CKCU_CKMCmd), (24 bytes).
    Removing ht32f5xxxx_ckcu.o(i.CKCU_CKOUTConfig), (20 bytes).
    Removing ht32f5xxxx_ckcu.o(i.CKCU_ClearIntFlag), (16 bytes).
    Removing ht32f5xxxx_ckcu.o(i.CKCU_DeInit), (92 bytes).
    Removing ht32f5xxxx_ckcu.o(i.CKCU_GetClockReadyStatus), (20 bytes).
    Removing ht32f5xxxx_ckcu.o(i.CKCU_GetIntStatus), (20 bytes).
    Removing ht32f5xxxx_ckcu.o(i.CKCU_GetSysClockSource), (16 bytes).
    Removing ht32f5xxxx_ckcu.o(i.CKCU_HSECmd), (20 bytes).
    Removing ht32f5xxxx_ckcu.o(i.CKCU_HSIAutoTrimClkConfig), (20 bytes).
    Removing ht32f5xxxx_ckcu.o(i.CKCU_HSIAutoTrimCmd), (44 bytes).
    Removing ht32f5xxxx_ckcu.o(i.CKCU_HSIAutoTrimIsReady), (52 bytes).
    Removing ht32f5xxxx_ckcu.o(i.CKCU_HSICmd), (24 bytes).
    Removing ht32f5xxxx_ckcu.o(i.CKCU_IS_HSE_USED), (24 bytes).
    Removing ht32f5xxxx_ckcu.o(i.CKCU_IS_HSI_USED), (24 bytes).
    Removing ht32f5xxxx_ckcu.o(i.CKCU_IS_PLL_USED), (24 bytes).
    Removing ht32f5xxxx_ckcu.o(i.CKCU_IntConfig), (28 bytes).
    Removing ht32f5xxxx_ckcu.o(i.CKCU_MCUDBGConfig), (24 bytes).
    Removing ht32f5xxxx_ckcu.o(i.CKCU_PLLCmd), (20 bytes).
    Removing ht32f5xxxx_ckcu.o(i.CKCU_PLLInit), (48 bytes).
    Removing ht32f5xxxx_ckcu.o(i.CKCU_PSRCWKUPCmd), (24 bytes).
    Removing ht32f5xxxx_ckcu.o(i.CKCU_SetADCnPrescaler), (24 bytes).
    Removing ht32f5xxxx_ckcu.o(i.CKCU_SetCKREFPrescaler), (24 bytes).
    Removing ht32f5xxxx_ckcu.o(i.CKCU_SetHCLKPrescaler), (12 bytes).
    Removing ht32f5xxxx_ckcu.o(i.CKCU_SetPeripPrescaler), (40 bytes).
    Removing ht32f5xxxx_ckcu.o(i.CKCU_SleepClockConfig), (24 bytes).
    Removing ht32f5xxxx_ckcu.o(i.CKCU_SysClockConfig), (44 bytes).
    Removing ht32f5xxxx_ckcu.o(i.CKCU_WaitHSEReady), (36 bytes).
    Removing ht32f5xxxx_cmp.o(.rev16_text), (4 bytes).
    Removing ht32f5xxxx_cmp.o(.revsh_text), (4 bytes).
    Removing ht32f5xxxx_cmp.o(i.CMP_ClearFlag), (12 bytes).
    Removing ht32f5xxxx_cmp.o(i.CMP_Cmd), (20 bytes).
    Removing ht32f5xxxx_cmp.o(i.CMP_DeInit), (18 bytes).
    Removing ht32f5xxxx_cmp.o(i.CMP_EdgeDetectConfig), (28 bytes).
    Removing ht32f5xxxx_cmp.o(i.CMP_GetFlagStatus), (10 bytes).
    Removing ht32f5xxxx_cmp.o(i.CMP_GetOutputStatus), (14 bytes).
    Removing ht32f5xxxx_cmp.o(i.CMP_Init), (46 bytes).
    Removing ht32f5xxxx_cmp.o(i.CMP_IntConfig), (16 bytes).
    Removing ht32f5xxxx_cmp.o(i.CMP_SetScalerValue), (4 bytes).
    Removing ht32f5xxxx_cmp.o(i.CMP_StructInit), (24 bytes).
    Removing ht32f5xxxx_cmp.o(i.CMP_UnprotectConfig), (12 bytes).
    Removing ht32f5xxxx_crc.o(.rev16_text), (4 bytes).
    Removing ht32f5xxxx_crc.o(.revsh_text), (4 bytes).
    Removing ht32f5xxxx_crc.o(i.CRC_16), (32 bytes).
    Removing ht32f5xxxx_crc.o(i.CRC_32), (28 bytes).
    Removing ht32f5xxxx_crc.o(i.CRC_CCITT), (32 bytes).
    Removing ht32f5xxxx_crc.o(i.CRC_DeInit), (16 bytes).
    Removing ht32f5xxxx_crc.o(i.CRC_Init), (36 bytes).
    Removing ht32f5xxxx_crc.o(i.CRC_Process), (16 bytes).
    Removing ht32f5xxxx_ebi.o(.rev16_text), (4 bytes).
    Removing ht32f5xxxx_ebi.o(.revsh_text), (4 bytes).
    Removing ht32f5xxxx_ebi.o(i.EBI_Cmd), (28 bytes).
    Removing ht32f5xxxx_ebi.o(i.EBI_DeInit), (16 bytes).
    Removing ht32f5xxxx_ebi.o(i.EBI_GetBusyStatus), (16 bytes).
    Removing ht32f5xxxx_ebi.o(i.EBI_Init), (140 bytes).
    Removing ht32f5xxxx_ebi.o(i.EBI_StructInit), (44 bytes).
    Removing ht32f5xxxx_exti.o(.rev16_text), (4 bytes).
    Removing ht32f5xxxx_exti.o(.revsh_text), (4 bytes).
    Removing ht32f5xxxx_exti.o(i.EXTI_ClearWakeupFlag), (20 bytes).
    Removing ht32f5xxxx_exti.o(i.EXTI_DeInit), (56 bytes).
    Removing ht32f5xxxx_exti.o(i.EXTI_GetSWCmdStatus), (24 bytes).
    Removing ht32f5xxxx_exti.o(i.EXTI_GetWakeupFlagStatus), (24 bytes).
    Removing ht32f5xxxx_exti.o(i.EXTI_SWIntCmd), (28 bytes).
    Removing ht32f5xxxx_exti.o(i.EXTI_WakeupEventConfig), (44 bytes).
    Removing ht32f5xxxx_exti.o(i.EXTI_WakeupEventIntConfig), (28 bytes).
    Removing ht32f5xxxx_flash.o(.rev16_text), (4 bytes).
    Removing ht32f5xxxx_flash.o(.revsh_text), (4 bytes).
    Removing ht32f5xxxx_flash.o(i.FLASH_BranchCacheCmd), (28 bytes).
    Removing ht32f5xxxx_flash.o(i.FLASH_ClearIntFlag), (12 bytes).
    Removing ht32f5xxxx_flash.o(i.FLASH_EraseOptionByte), (16 bytes).
    Removing ht32f5xxxx_flash.o(i.FLASH_ErasePage), (20 bytes).
    Removing ht32f5xxxx_flash.o(i.FLASH_GetIntStatus), (20 bytes).
    Removing ht32f5xxxx_flash.o(i.FLASH_GetOptionByteStatus), (48 bytes).
    Removing ht32f5xxxx_flash.o(i.FLASH_IntConfig), (24 bytes).
    Removing ht32f5xxxx_flash.o(i.FLASH_MassErase), (20 bytes).
    Removing ht32f5xxxx_flash.o(i.FLASH_PrefetchBufferCmd), (24 bytes).
    Removing ht32f5xxxx_flash.o(i.FLASH_ProgramOptionByte), (76 bytes).
    Removing ht32f5xxxx_flash.o(i.FLASH_ProgramWordData), (24 bytes).
    Removing ht32f5xxxx_flash.o(i.FLASH_SetRemappingMode), (12 bytes).
    Removing ht32f5xxxx_flash.o(i.FLASH_SetWaitState), (20 bytes).
    Removing ht32f5xxxx_flash.o(i.FLASH_WaitForOperationEnd), (80 bytes).
    Removing ht32f5xxxx_gpio.o(.rev16_text), (4 bytes).
    Removing ht32f5xxxx_gpio.o(.revsh_text), (4 bytes).
    Removing ht32f5xxxx_gpio.o(i.AFIO_DeInit), (18 bytes).
    Removing ht32f5xxxx_gpio.o(i.GPIO_ClearOutBits), (4 bytes).
    Removing ht32f5xxxx_gpio.o(i.GPIO_DeInit), (76 bytes).
    Removing ht32f5xxxx_gpio.o(i.GPIO_DisableDebugPort), (56 bytes).
    Removing ht32f5xxxx_gpio.o(i.GPIO_GetID), (8 bytes).
    Removing ht32f5xxxx_gpio.o(i.GPIO_IsPinLocked), (10 bytes).
    Removing ht32f5xxxx_gpio.o(i.GPIO_IsPortLocked), (10 bytes).
    Removing ht32f5xxxx_gpio.o(i.GPIO_OpenDrainConfig), (16 bytes).
    Removing ht32f5xxxx_gpio.o(i.GPIO_PinLock), (12 bytes).
    Removing ht32f5xxxx_gpio.o(i.GPIO_ReadInBit), (10 bytes).
    Removing ht32f5xxxx_gpio.o(i.GPIO_ReadInData), (6 bytes).
    Removing ht32f5xxxx_gpio.o(i.GPIO_ReadOutBit), (10 bytes).
    Removing ht32f5xxxx_gpio.o(i.GPIO_ReadOutData), (6 bytes).
    Removing ht32f5xxxx_gpio.o(i.GPIO_SetOutBits), (4 bytes).
    Removing ht32f5xxxx_gpio.o(i.GPIO_WriteOutData), (4 bytes).
    Removing ht32f5xxxx_gpio.o(i._AFIO_ClockControl), (40 bytes).
    Removing ht32f5xxxx_gpio.o(i._GPIO_ClockControl), (48 bytes).
    Removing ht32f5xxxx_i2c.o(.rev16_text), (4 bytes).
    Removing ht32f5xxxx_i2c.o(.revsh_text), (4 bytes).
    Removing ht32f5xxxx_i2c.o(i.I2C_AckCmd), (20 bytes).
    Removing ht32f5xxxx_i2c.o(i.I2C_AddressMaskConfig), (4 bytes).
    Removing ht32f5xxxx_i2c.o(i.I2C_CheckStatus), (14 bytes).
    Removing ht32f5xxxx_i2c.o(i.I2C_ClearFlag), (4 bytes).
    Removing ht32f5xxxx_i2c.o(i.I2C_Cmd), (18 bytes).
    Removing ht32f5xxxx_i2c.o(i.I2C_CombFilterCmd), (20 bytes).
    Removing ht32f5xxxx_i2c.o(i.I2C_DeInit), (44 bytes).
    Removing ht32f5xxxx_i2c.o(i.I2C_GeneralCallCmd), (18 bytes).
    Removing ht32f5xxxx_i2c.o(i.I2C_GenerateSTOP), (10 bytes).
    Removing ht32f5xxxx_i2c.o(i.I2C_GetAddressBuffer), (6 bytes).
    Removing ht32f5xxxx_i2c.o(i.I2C_GetFlagStatus), (10 bytes).
    Removing ht32f5xxxx_i2c.o(i.I2C_Init), (156 bytes).
    Removing ht32f5xxxx_i2c.o(i.I2C_IntConfig), (16 bytes).
    Removing ht32f5xxxx_i2c.o(i.I2C_PDMACmd), (16 bytes).
    Removing ht32f5xxxx_i2c.o(i.I2C_PDMANACKCmd), (20 bytes).
    Removing ht32f5xxxx_i2c.o(i.I2C_ReadRegister), (10 bytes).
    Removing ht32f5xxxx_i2c.o(i.I2C_ReceiveData), (6 bytes).
    Removing ht32f5xxxx_i2c.o(i.I2C_SendData), (4 bytes).
    Removing ht32f5xxxx_i2c.o(i.I2C_SequentialFilterConfig), (124 bytes).
    Removing ht32f5xxxx_i2c.o(i.I2C_SetOwnAddress), (4 bytes).
    Removing ht32f5xxxx_i2c.o(i.I2C_SetSCLHighPeriod), (4 bytes).
    Removing ht32f5xxxx_i2c.o(i.I2C_SetSCLLowPeriod), (4 bytes).
    Removing ht32f5xxxx_i2c.o(i.I2C_SetTimeOutPrescaler), (10 bytes).
    Removing ht32f5xxxx_i2c.o(i.I2C_SetTimeOutValue), (12 bytes).
    Removing ht32f5xxxx_i2c.o(i.I2C_StructInit), (24 bytes).
    Removing ht32f5xxxx_i2c.o(i.I2C_TargetAddressConfig), (20 bytes).
    Removing ht32f5xxxx_i2c.o(i.I2C_TimeOutCmd), (20 bytes).
    Removing ht32f5xxxx_i2s.o(.rev16_text), (4 bytes).
    Removing ht32f5xxxx_i2s.o(.revsh_text), (4 bytes).
    Removing ht32f5xxxx_i2s.o(i.I2S_ClearFlag), (12 bytes).
    Removing ht32f5xxxx_i2s.o(i.I2S_Cmd), (28 bytes).
    Removing ht32f5xxxx_i2s.o(i.I2S_DeInit), (18 bytes).
    Removing ht32f5xxxx_i2s.o(i.I2S_FIFOReset), (16 bytes).
    Removing ht32f5xxxx_i2s.o(i.I2S_FIFOTrigLevelConfig), (32 bytes).
    Removing ht32f5xxxx_i2s.o(i.I2S_GetFIFOStatus), (20 bytes).
    Removing ht32f5xxxx_i2s.o(i.I2S_GetFlagStatus), (20 bytes).
    Removing ht32f5xxxx_i2s.o(i.I2S_Init), (116 bytes).
    Removing ht32f5xxxx_i2s.o(i.I2S_IntConfig), (24 bytes).
    Removing ht32f5xxxx_i2s.o(i.I2S_PDMACmd), (24 bytes).
    Removing ht32f5xxxx_i2s.o(i.I2S_TxMuteCmd), (24 bytes).
    Removing ht32f5xxxx_mctm.o(.rev16_text), (4 bytes).
    Removing ht32f5xxxx_mctm.o(.revsh_text), (4 bytes).
    Removing ht32f5xxxx_mctm.o(i.MCTM_CHBRKCTRConfig), (48 bytes).
    Removing ht32f5xxxx_mctm.o(i.MCTM_CHBRKCTRConfig2), (14 bytes).
    Removing ht32f5xxxx_mctm.o(i.MCTM_CHBRKCTRStructInit), (20 bytes).
    Removing ht32f5xxxx_mctm.o(i.MCTM_CHMOECmd), (18 bytes).
    Removing ht32f5xxxx_mctm.o(i.MCTM_COMPRECmd), (20 bytes).
    Removing ht32f5xxxx_mctm.o(i.MCTM_COMUSConfig), (20 bytes).
    Removing ht32f5xxxx_mctm.o(i.MCTM_ChNPolarityConfig), (22 bytes).
    Removing ht32f5xxxx_mctm.o(i.MCTM_ChannelNConfig), (26 bytes).
    Removing ht32f5xxxx_pdma.o(.rev16_text), (4 bytes).
    Removing ht32f5xxxx_pdma.o(.revsh_text), (4 bytes).
    Removing ht32f5xxxx_pdma.o(i.PDMA_ClearFlag), (24 bytes).
    Removing ht32f5xxxx_pdma.o(i.PDMA_Config), (44 bytes).
    Removing ht32f5xxxx_pdma.o(i.PDMA_EnaCmd), (32 bytes).
    Removing ht32f5xxxx_pdma.o(i.PDMA_GetFlagStatus), (28 bytes).
    Removing ht32f5xxxx_pdma.o(i.PDMA_IntConfig), (56 bytes).
    Removing ht32f5xxxx_pdma.o(i.PDMA_SwTrigCmd), (32 bytes).
    Removing ht32f5xxxx_pdma.o(i.PDMA_TranSizeConfig), (20 bytes).
    Removing ht32f5xxxx_pwrcu.o(.rev16_text), (4 bytes).
    Removing ht32f5xxxx_pwrcu.o(.revsh_text), (4 bytes).
    Removing ht32f5xxxx_pwrcu.o(i.PWRCU_BODCmd), (28 bytes).
    Removing ht32f5xxxx_pwrcu.o(i.PWRCU_BODRISConfig), (24 bytes).
    Removing ht32f5xxxx_pwrcu.o(i.PWRCU_CheckReadyAccessed), (32 bytes).
    Removing ht32f5xxxx_pwrcu.o(i.PWRCU_DMOSCmd), (40 bytes).
    Removing ht32f5xxxx_pwrcu.o(i.PWRCU_DeInit), (28 bytes).
    Removing ht32f5xxxx_pwrcu.o(i.PWRCU_DeepSleep1), (92 bytes).
    Removing ht32f5xxxx_pwrcu.o(i.PWRCU_DeepSleep2), (104 bytes).
    Removing ht32f5xxxx_pwrcu.o(i.PWRCU_DeepSleep2Ex), (192 bytes).
    Removing ht32f5xxxx_pwrcu.o(i.PWRCU_GetBODFlagStatus), (16 bytes).
    Removing ht32f5xxxx_pwrcu.o(i.PWRCU_GetDMOSStatus), (36 bytes).
    Removing ht32f5xxxx_pwrcu.o(i.PWRCU_GetFlagStatus), (12 bytes).
    Removing ht32f5xxxx_pwrcu.o(i.PWRCU_GetLVDFlagStatus), (16 bytes).
    Removing ht32f5xxxx_pwrcu.o(i.PWRCU_HSIReadyCounterBitLengthConfig), (12 bytes).
    Removing ht32f5xxxx_pwrcu.o(i.PWRCU_LDOConfig), (56 bytes).
    Removing ht32f5xxxx_pwrcu.o(i.PWRCU_LVDCmd), (28 bytes).
    Removing ht32f5xxxx_pwrcu.o(i.PWRCU_LVDEventWakeupConfig), (28 bytes).
    Removing ht32f5xxxx_pwrcu.o(i.PWRCU_LVDIntWakeupConfig), (28 bytes).
    Removing ht32f5xxxx_pwrcu.o(i.PWRCU_PowerDown), (148 bytes).
    Removing ht32f5xxxx_pwrcu.o(i.PWRCU_ReadBackupRegister), (16 bytes).
    Removing ht32f5xxxx_pwrcu.o(i.PWRCU_SetLVDS), (20 bytes).
    Removing ht32f5xxxx_pwrcu.o(i.PWRCU_Sleep), (32 bytes).
    Removing ht32f5xxxx_pwrcu.o(i.PWRCU_V15RDYSourceConfig), (28 bytes).
    Removing ht32f5xxxx_pwrcu.o(i.PWRCU_WakeupPinCmd), (24 bytes).
    Removing ht32f5xxxx_pwrcu.o(i.PWRCU_WakeupPinIntConfig), (24 bytes).
    Removing ht32f5xxxx_pwrcu.o(i.PWRCU_WriteBackupRegister), (16 bytes).
    Removing ht32f5xxxx_pwrcu.o(.data), (1 bytes).
    Removing ht32f5xxxx_rstcu.o(.rev16_text), (4 bytes).
    Removing ht32f5xxxx_rstcu.o(.revsh_text), (4 bytes).
    Removing ht32f5xxxx_rstcu.o(i.RSTCU_ClearAllResetFlag), (12 bytes).
    Removing ht32f5xxxx_rstcu.o(i.RSTCU_ClearResetFlag), (16 bytes).
    Removing ht32f5xxxx_rstcu.o(i.RSTCU_GetResetFlagStatus), (24 bytes).
    Removing ht32f5xxxx_rstcu.o(i.RSTCU_PeripReset), (40 bytes).
    Removing ht32f5xxxx_rtc.o(.rev16_text), (4 bytes).
    Removing ht32f5xxxx_rtc.o(.revsh_text), (4 bytes).
    Removing ht32f5xxxx_rtc.o(i.RTC_CMPCLRCmd), (24 bytes).
    Removing ht32f5xxxx_rtc.o(i.RTC_ClockSourceConfig), (20 bytes).
    Removing ht32f5xxxx_rtc.o(i.RTC_Cmd), (28 bytes).
    Removing ht32f5xxxx_rtc.o(i.RTC_DeInit), (44 bytes).
    Removing ht32f5xxxx_rtc.o(i.RTC_GetCompare), (12 bytes).
    Removing ht32f5xxxx_rtc.o(i.RTC_GetCounter), (12 bytes).
    Removing ht32f5xxxx_rtc.o(i.RTC_GetFlagStatus), (12 bytes).
    Removing ht32f5xxxx_rtc.o(i.RTC_GetOutStatus), (20 bytes).
    Removing ht32f5xxxx_rtc.o(i.RTC_GetPrescaler), (20 bytes).
    Removing ht32f5xxxx_rtc.o(i.RTC_IntConfig), (24 bytes).
    Removing ht32f5xxxx_rtc.o(i.RTC_LSECmd), (44 bytes).
    Removing ht32f5xxxx_rtc.o(i.RTC_LSESMConfig), (20 bytes).
    Removing ht32f5xxxx_rtc.o(i.RTC_LSILoadTrimData), (68 bytes).
    Removing ht32f5xxxx_rtc.o(i.RTC_OutCmd), (28 bytes).
    Removing ht32f5xxxx_rtc.o(i.RTC_OutConfig), (56 bytes).
    Removing ht32f5xxxx_rtc.o(i.RTC_SetCompare), (12 bytes).
    Removing ht32f5xxxx_rtc.o(i.RTC_SetPrescaler), (20 bytes).
    Removing ht32f5xxxx_rtc.o(i.RTC_WakeupConfig), (24 bytes).
    Removing ht32f5xxxx_sci.o(.rev16_text), (4 bytes).
    Removing ht32f5xxxx_sci.o(.revsh_text), (4 bytes).
    Removing ht32f5xxxx_sci.o(i.SCI_ClearFlag), (28 bytes).
    Removing ht32f5xxxx_sci.o(i.SCI_ClockModeConfig), (18 bytes).
    Removing ht32f5xxxx_sci.o(i.SCI_Cmd), (18 bytes).
    Removing ht32f5xxxx_sci.o(i.SCI_DeInit), (36 bytes).
    Removing ht32f5xxxx_sci.o(i.SCI_ETUConfig), (6 bytes).
    Removing ht32f5xxxx_sci.o(i.SCI_GetFlagStatus), (14 bytes).
    Removing ht32f5xxxx_sci.o(i.SCI_Init), (30 bytes).
    Removing ht32f5xxxx_sci.o(i.SCI_IntConfig), (16 bytes).
    Removing ht32f5xxxx_sci.o(i.SCI_OutputDIO), (18 bytes).
    Removing ht32f5xxxx_sci.o(i.SCI_PDMACmd), (16 bytes).
    Removing ht32f5xxxx_sci.o(i.SCI_ReceiveData), (6 bytes).
    Removing ht32f5xxxx_sci.o(i.SCI_SendData), (4 bytes).
    Removing ht32f5xxxx_sci.o(i.SCI_SetGuardTimeValue), (4 bytes).
    Removing ht32f5xxxx_sci.o(i.SCI_SetWaitingTimeValue), (4 bytes).
    Removing ht32f5xxxx_sci.o(i.SCI_SoftwareClockCmd), (18 bytes).
    Removing ht32f5xxxx_sci.o(i.SCI_StructInit), (14 bytes).
    Removing ht32f5xxxx_sci.o(i.SCI_WaitingTimeCounterCmd), (18 bytes).
    Removing ht32f5xxxx_spi.o(.rev16_text), (4 bytes).
    Removing ht32f5xxxx_spi.o(.revsh_text), (4 bytes).
    Removing ht32f5xxxx_spi.o(i.SPI_ClearFlag), (4 bytes).
    Removing ht32f5xxxx_spi.o(i.SPI_Cmd), (20 bytes).
    Removing ht32f5xxxx_spi.o(i.SPI_DUALCmd), (18 bytes).
    Removing ht32f5xxxx_spi.o(i.SPI_DeInit), (44 bytes).
    Removing ht32f5xxxx_spi.o(i.SPI_FIFOCmd), (20 bytes).
    Removing ht32f5xxxx_spi.o(i.SPI_FIFOTriggerLevelConfig), (32 bytes).
    Removing ht32f5xxxx_spi.o(i.SPI_GUARDTCmd), (18 bytes).
    Removing ht32f5xxxx_spi.o(i.SPI_GUARDTConfig), (20 bytes).
    Removing ht32f5xxxx_spi.o(i.SPI_GetFIFOStatus), (20 bytes).
    Removing ht32f5xxxx_spi.o(i.SPI_GetFlagStatus), (14 bytes).
    Removing ht32f5xxxx_spi.o(i.SPI_Init), (72 bytes).
    Removing ht32f5xxxx_spi.o(i.SPI_IntConfig), (16 bytes).
    Removing ht32f5xxxx_spi.o(i.SPI_PDMACmd), (16 bytes).
    Removing ht32f5xxxx_spi.o(i.SPI_ReceiveData), (6 bytes).
    Removing ht32f5xxxx_spi.o(i.SPI_SELHTConfig), (14 bytes).
    Removing ht32f5xxxx_spi.o(i.SPI_SELModeConfig), (20 bytes).
    Removing ht32f5xxxx_spi.o(i.SPI_SELOutputCmd), (18 bytes).
    Removing ht32f5xxxx_spi.o(i.SPI_SendData), (4 bytes).
    Removing ht32f5xxxx_spi.o(i.SPI_SetDataLength), (16 bytes).
    Removing ht32f5xxxx_spi.o(i.SPI_SetTimeOutValue), (4 bytes).
    Removing ht32f5xxxx_spi.o(i.SPI_SoftwareSELCmd), (18 bytes).
    Removing ht32f5xxxx_spi.o(i.SPI_StructInit), (28 bytes).
    Removing ht32f5xxxx_tm.o(.rev16_text), (4 bytes).
    Removing ht32f5xxxx_tm.o(.revsh_text), (4 bytes).
    Removing ht32f5xxxx_tm.o(i.TM_CHCCDSConfig), (20 bytes).
    Removing ht32f5xxxx_tm.o(i.TM_CHCCRPreloadConfig), (24 bytes).
    Removing ht32f5xxxx_tm.o(i.TM_CHPSCConfig), (22 bytes).
    Removing ht32f5xxxx_tm.o(i.TM_CKDIVConfig), (18 bytes).
    Removing ht32f5xxxx_tm.o(i.TM_CRRPreloadCmd), (18 bytes).
    Removing ht32f5xxxx_tm.o(i.TM_CaptureInit), (34 bytes).
    Removing ht32f5xxxx_tm.o(i.TM_CaptureStructInit), (18 bytes).
    Removing ht32f5xxxx_tm.o(i.TM_ChExternalClockConfig), (50 bytes).
    Removing ht32f5xxxx_tm.o(i.TM_ChPolarityConfig), (20 bytes).
    Removing ht32f5xxxx_tm.o(i.TM_ChannelConfig), (24 bytes).
    Removing ht32f5xxxx_tm.o(i.TM_ClearIntPendingBit), (10 bytes).
    Removing ht32f5xxxx_tm.o(i.TM_ClearOREFConfig), (24 bytes).
    Removing ht32f5xxxx_tm.o(i.TM_CounterModeConfig), (28 bytes).
    Removing ht32f5xxxx_tm.o(i.TM_DeInit), (88 bytes).
    Removing ht32f5xxxx_tm.o(i.TM_DecoderConfig), (64 bytes).
    Removing ht32f5xxxx_tm.o(i.TM_ForcedOREF), (18 bytes).
    Removing ht32f5xxxx_tm.o(i.TM_GenerateEvent), (4 bytes).
    Removing ht32f5xxxx_tm.o(i.TM_GetCaptureCompare), (10 bytes).
    Removing ht32f5xxxx_tm.o(i.TM_GetCounter), (6 bytes).
    Removing ht32f5xxxx_tm.o(i.TM_GetFlagStatus), (10 bytes).
    Removing ht32f5xxxx_tm.o(i.TM_GetIntStatus), (24 bytes).
    Removing ht32f5xxxx_tm.o(i.TM_GetPrescaler), (6 bytes).
    Removing ht32f5xxxx_tm.o(i.TM_HallInterfaceCmd), (22 bytes).
    Removing ht32f5xxxx_tm.o(i.TM_ImmActiveConfig), (24 bytes).
    Removing ht32f5xxxx_tm.o(i.TM_InternalClockConfig), (12 bytes).
    Removing ht32f5xxxx_tm.o(i.TM_ItiExternalClockConfig), (20 bytes).
    Removing ht32f5xxxx_tm.o(i.TM_MMSELConfig), (14 bytes).
    Removing ht32f5xxxx_tm.o(i.TM_OutputInit), (160 bytes).
    Removing ht32f5xxxx_tm.o(i.TM_OutputModeConfig), (32 bytes).
    Removing ht32f5xxxx_tm.o(i.TM_OutputStructInit), (24 bytes).
    Removing ht32f5xxxx_tm.o(i.TM_PDMAConfig), (16 bytes).
    Removing ht32f5xxxx_tm.o(i.TM_PrescalerConfig), (8 bytes).
    Removing ht32f5xxxx_tm.o(i.TM_PwmInputInit), (94 bytes).
    Removing ht32f5xxxx_tm.o(i.TM_SetAsymmetricCompare), (10 bytes).
    Removing ht32f5xxxx_tm.o(i.TM_SetCaptureCompare), (10 bytes).
    Removing ht32f5xxxx_tm.o(i.TM_SetCounter), (6 bytes).
    Removing ht32f5xxxx_tm.o(i.TM_SetCounterReload), (6 bytes).
    Removing ht32f5xxxx_tm.o(i.TM_SinglePulseModeCmd), (20 bytes).
    Removing ht32f5xxxx_tm.o(i.TM_SlaveModeConfig), (14 bytes).
    Removing ht32f5xxxx_tm.o(i.TM_StiConfig), (26 bytes).
    Removing ht32f5xxxx_tm.o(i.TM_TimSyncCmd), (20 bytes).
    Removing ht32f5xxxx_tm.o(i.TM_TimeBaseInit), (64 bytes).
    Removing ht32f5xxxx_tm.o(i.TM_TimeBaseStructInit), (20 bytes).
    Removing ht32f5xxxx_tm.o(i.TM_UEVG_IntConfig), (18 bytes).
    Removing ht32f5xxxx_tm.o(i.TM_UpdateCmd), (20 bytes).
    Removing ht32f5xxxx_tm.o(i._TM_CHx_Config), (60 bytes).
    Removing ht32f5xxxx_usart.o(.rev16_text), (4 bytes).
    Removing ht32f5xxxx_usart.o(.revsh_text), (4 bytes).
    Removing ht32f5xxxx_usart.o(i.USART_ClearFlag), (8 bytes).
    Removing ht32f5xxxx_usart.o(i.USART_DeInit), (68 bytes).
    Removing ht32f5xxxx_usart.o(i.USART_FIFOReset), (8 bytes).
    Removing ht32f5xxxx_usart.o(i.USART_ForceBreakCmd), (20 bytes).
    Removing ht32f5xxxx_usart.o(i.USART_GetFIFOStatus), (18 bytes).
    Removing ht32f5xxxx_usart.o(i.USART_HardwareFlowControlCmd), (18 bytes).
    Removing ht32f5xxxx_usart.o(i.USART_IrDACmd), (20 bytes).
    Removing ht32f5xxxx_usart.o(i.USART_IrDAConfig), (18 bytes).
    Removing ht32f5xxxx_usart.o(i.USART_IrDADirectionConfig), (18 bytes).
    Removing ht32f5xxxx_usart.o(i.USART_IrDAInvtCmd), (20 bytes).
    Removing ht32f5xxxx_usart.o(i.USART_PDMACmd), (16 bytes).
    Removing ht32f5xxxx_usart.o(i.USART_RS485AADCmd), (18 bytes).
    Removing ht32f5xxxx_usart.o(i.USART_RS485NMMCmd), (18 bytes).
    Removing ht32f5xxxx_usart.o(i.USART_RS485TxEnablePolarityConfig), (20 bytes).
    Removing ht32f5xxxx_usart.o(i.USART_SetAddressMatchValue), (16 bytes).
    Removing ht32f5xxxx_usart.o(i.USART_SetGuardTime), (16 bytes).
    Removing ht32f5xxxx_usart.o(i.USART_SetIrDAPrescaler), (16 bytes).
    Removing ht32f5xxxx_usart.o(i.USART_SetTimeOutValue), (16 bytes).
    Removing ht32f5xxxx_usart.o(i.USART_StickParityCmd), (20 bytes).
    Removing ht32f5xxxx_usart.o(i.USART_StickParityConfig), (24 bytes).
    Removing ht32f5xxxx_usart.o(i.USART_StructInit), (22 bytes).
    Removing ht32f5xxxx_usart.o(i.USART_SynClockInit), (26 bytes).
    Removing ht32f5xxxx_usart.o(i.USART_SynClockStructInit), (12 bytes).
    Removing ht32f5xxxx_usart.o(i.USART_TXRXTLConfig), (20 bytes).
    Removing ht32f5xxxx_usbd.o(.rev16_text), (4 bytes).
    Removing ht32f5xxxx_usbd.o(.revsh_text), (4 bytes).
    Removing ht32f5xxxx_usbd.o(i.USBD_ClearINT), (12 bytes).
    Removing ht32f5xxxx_usbd.o(i.USBD_DPWakeUpCmd), (28 bytes).
    Removing ht32f5xxxx_usbd.o(i.USBD_DPpullupCmd), (24 bytes).
    Removing ht32f5xxxx_usbd.o(i.USBD_DeInit), (16 bytes).
    Removing ht32f5xxxx_usbd.o(i.USBD_DisableDefaultPull), (12 bytes).
    Removing ht32f5xxxx_usbd.o(i.USBD_DisableINT), (16 bytes).
    Removing ht32f5xxxx_usbd.o(i.USBD_EPTClearDTG), (16 bytes).
    Removing ht32f5xxxx_usbd.o(i.USBD_EPTClearHalt), (16 bytes).
    Removing ht32f5xxxx_usbd.o(i.USBD_EPTClearINT), (12 bytes).
    Removing ht32f5xxxx_usbd.o(i.USBD_EPTEnableINT), (12 bytes).
    Removing ht32f5xxxx_usbd.o(i.USBD_EPTGetBuffer0Addr), (24 bytes).
    Removing ht32f5xxxx_usbd.o(i.USBD_EPTGetBuffer1Addr), (36 bytes).
    Removing ht32f5xxxx_usbd.o(i.USBD_EPTGetBufferLen), (14 bytes).
    Removing ht32f5xxxx_usbd.o(i.USBD_EPTGetHalt), (24 bytes).
    Removing ht32f5xxxx_usbd.o(i.USBD_EPTGetINT), (14 bytes).
    Removing ht32f5xxxx_usbd.o(i.USBD_EPTGetTransferCount), (18 bytes).
    Removing ht32f5xxxx_usbd.o(i.USBD_EPTInit), (36 bytes).
    Removing ht32f5xxxx_usbd.o(i.USBD_EPTReadMemory), (56 bytes).
    Removing ht32f5xxxx_usbd.o(i.USBD_EPTReadOUTData), (48 bytes).
    Removing ht32f5xxxx_usbd.o(i.USBD_EPTReset), (16 bytes).
    Removing ht32f5xxxx_usbd.o(i.USBD_EPTSendSTALL), (12 bytes).
    Removing ht32f5xxxx_usbd.o(i.USBD_EPTSetHalt), (20 bytes).
    Removing ht32f5xxxx_usbd.o(i.USBD_EPTWaitSTALLSent), (32 bytes).
    Removing ht32f5xxxx_usbd.o(i.USBD_EPTWriteINData), (68 bytes).
    Removing ht32f5xxxx_usbd.o(i.USBD_EnableINT), (16 bytes).
    Removing ht32f5xxxx_usbd.o(i.USBD_GetEPTnINTNumber), (32 bytes).
    Removing ht32f5xxxx_usbd.o(i.USBD_GetINT), (20 bytes).
    Removing ht32f5xxxx_usbd.o(i.USBD_Init), (8 bytes).
    Removing ht32f5xxxx_usbd.o(i.USBD_PowerOff), (16 bytes).
    Removing ht32f5xxxx_usbd.o(i.USBD_PowerOn), (28 bytes).
    Removing ht32f5xxxx_usbd.o(i.USBD_PowerUp), (116 bytes).
    Removing ht32f5xxxx_usbd.o(i.USBD_PreInit), (24 bytes).
    Removing ht32f5xxxx_usbd.o(i.USBD_ReadSETUPData), (16 bytes).
    Removing ht32f5xxxx_usbd.o(i.USBD_RemoteWakeup), (16 bytes).
    Removing ht32f5xxxx_usbd.o(i.USBD_SRAMResetConditionCmd), (24 bytes).
    Removing ht32f5xxxx_usbd.o(i.USBD_SetAddress), (20 bytes).
    Removing ht32f5xxxx_usbd.o(i._USBD_CopyMemory), (138 bytes).
    Removing ht32f5xxxx_usbd.o(i._USBD_GetEPTnAddr), (16 bytes).
    Removing ht32f5xxxx_usbd.o(.data), (4 bytes).
    Removing ht32f5xxxx_wdt.o(.rev16_text), (4 bytes).
    Removing ht32f5xxxx_wdt.o(.revsh_text), (4 bytes).
    Removing ht32f5xxxx_wdt.o(i.WDT_Cmd), (28 bytes).
    Removing ht32f5xxxx_wdt.o(i.WDT_DeInit), (16 bytes).
    Removing ht32f5xxxx_wdt.o(i.WDT_GetDeltaValue), (16 bytes).
    Removing ht32f5xxxx_wdt.o(i.WDT_GetFlagStatus), (20 bytes).
    Removing ht32f5xxxx_wdt.o(i.WDT_GetPrescaler), (20 bytes).
    Removing ht32f5xxxx_wdt.o(i.WDT_GetReloadValue), (16 bytes).
    Removing ht32f5xxxx_wdt.o(i.WDT_HaltConfig), (24 bytes).
    Removing ht32f5xxxx_wdt.o(i.WDT_LockCmd), (36 bytes).
    Removing ht32f5xxxx_wdt.o(i.WDT_ProtectCmd), (28 bytes).
    Removing ht32f5xxxx_wdt.o(i.WDT_ResetCmd), (28 bytes).
    Removing ht32f5xxxx_wdt.o(i.WDT_Restart), (16 bytes).
    Removing ht32f5xxxx_wdt.o(i.WDT_SetDeltaValue), (20 bytes).
    Removing ht32f5xxxx_wdt.o(i.WDT_SetPrescaler), (20 bytes).
    Removing ht32f5xxxx_wdt.o(i.WDT_SetReloadValue), (20 bytes).
    Removing ht32f5xxxx_wdt.o(i.WDT_SourceConfig), (16 bytes).
    Removing ht32_retarget.o(.rev16_text), (4 bytes).
    Removing ht32_retarget.o(.revsh_text), (4 bytes).
    Removing ht32_retarget.o(i.__backspace), (4 bytes).
    Removing ht32_retarget.o(i._sys_exit), (2 bytes).
    Removing ht32_retarget.o(i._ttywrch), (8 bytes).
    Removing ht32_retarget.o(i.fgetc), (8 bytes).
    Removing ht32_retarget.o(.data), (4 bytes).
    Removing ht32_serial.o(.rev16_text), (4 bytes).
    Removing ht32_serial.o(.revsh_text), (4 bytes).
    Removing ht32_serial.o(i.SERIAL_Flush), (2 bytes).
    Removing ht32_serial.o(i.SERIAL_GetChar), (28 bytes).
    Removing ht32_board.o(.rev16_text), (4 bytes).
    Removing ht32_board.o(.revsh_text), (4 bytes).
    Removing ht32_board.o(i.HT32F_DVB_BuzzerFun), (292 bytes).
    Removing ht32_board.o(i.HT32F_DVB_BuzzerOutputCmd), (20 bytes).
    Removing ht32_board.o(i.HT32F_DVB_LEDOn), (24 bytes).
    Removing ht32_board.o(i.HT32F_DVB_LEDToggle), (32 bytes).
    Removing ht32_board.o(i.HT32F_DVB_PBGetState), (28 bytes).
    Removing ht32_board.o(i.HT32F_DVB_PBInit), (188 bytes).
    Removing ebi_lcd.o(.rev16_text), (4 bytes).
    Removing ebi_lcd.o(.revsh_text), (4 bytes).
    Removing ebi_lcd.o(i.LCD_BackColorSet), (12 bytes).
    Removing ebi_lcd.o(i.LCD_CharDisplay), (24 bytes).
    Removing ebi_lcd.o(i.LCD_CharDraw), (84 bytes).
    Removing ebi_lcd.o(i.LCD_CircleDraw), (200 bytes).
    Removing ebi_lcd.o(i.LCD_Clear), (32 bytes).
    Removing ebi_lcd.o(i.LCD_Config), (640 bytes).
    Removing ebi_lcd.o(i.LCD_DisplayOff), (12 bytes).
    Removing ebi_lcd.o(i.LCD_DisplayOn), (12 bytes).
    Removing ebi_lcd.o(i.LCD_Init), (340 bytes).
    Removing ebi_lcd.o(i.LCD_LineDraw), (80 bytes).
    Removing ebi_lcd.o(i.LCD_PicDraw), (86 bytes).
    Removing ebi_lcd.o(i.LCD_ReadReg), (10 bytes).
    Removing ebi_lcd.o(i.LCD_RectDraw), (58 bytes).
    Removing ebi_lcd.o(i.LCD_SetDisplayArea), (84 bytes).
    Removing ebi_lcd.o(i.LCD_StarterSet), (44 bytes).
    Removing ebi_lcd.o(i.LCD_StringLineDisplay), (40 bytes).
    Removing ebi_lcd.o(i.LCD_TextColorSet), (12 bytes).
    Removing ebi_lcd.o(i.LCD_WriteRAM), (8 bytes).
    Removing ebi_lcd.o(i.LCD_WriteRAMPrior), (10 bytes).
    Removing ebi_lcd.o(i.LCD_WriteRAMWord), (12 bytes).
    Removing ebi_lcd.o(i.LCD_WriteReg), (10 bytes).
    Removing ebi_lcd.o(i._delay), (28 bytes).
    Removing ebi_lcd.o(.constdata), (4560 bytes).
    Removing ebi_lcd.o(.data), (4 bytes).
    Removing i2c_eeprom.o(.rev16_text), (4 bytes).
    Removing i2c_eeprom.o(.revsh_text), (4 bytes).
    Removing i2c_eeprom.o(i.I2C_EEPROM_BufferRead), (156 bytes).
    Removing i2c_eeprom.o(i.I2C_EEPROM_BufferWrite), (50 bytes).
    Removing i2c_eeprom.o(i.I2C_EEPROM_Init), (88 bytes).
    Removing i2c_eeprom.o(i.I2C_EEPROM_PageWrite), (96 bytes).
    Removing i2c_eeprom.o(i._I2C_EEPROM_AckPolling), (60 bytes).
    Removing spi_flash.o(.rev16_text), (4 bytes).
    Removing spi_flash.o(.revsh_text), (4 bytes).
    Removing spi_flash.o(i.SPI_FLASH_BlockErase), (64 bytes).
    Removing spi_flash.o(i.SPI_FLASH_BufferDualRead), (104 bytes).
    Removing spi_flash.o(i.SPI_FLASH_BufferDualReadByDMA), (276 bytes).
    Removing spi_flash.o(i.SPI_FLASH_BufferRead), (76 bytes).
    Removing spi_flash.o(i.SPI_FLASH_BufferReadByDMA), (256 bytes).
    Removing spi_flash.o(i.SPI_FLASH_BufferWriteBy), (194 bytes).
    Removing spi_flash.o(i.SPI_FLASH_ChipErase), (40 bytes).
    Removing spi_flash.o(i.SPI_FLASH_Init), (148 bytes).
    Removing spi_flash.o(i.SPI_FLASH_PageWrite), (84 bytes).
    Removing spi_flash.o(i.SPI_FLASH_PageWriteByDMA), (256 bytes).
    Removing spi_flash.o(i.SPI_FLASH_ReadJEDECID), (64 bytes).
    Removing spi_flash.o(i.SPI_FLASH_SectorErase), (64 bytes).
    Removing spi_flash.o(i.SPI_FLASH_SendByte), (52 bytes).
    Removing spi_flash.o(i.SPI_FLASH_WaitForWriteEnd), (48 bytes).
    Removing spi_flash.o(i.SPI_FLASH_WriteDisable), (32 bytes).
    Removing spi_flash.o(i.SPI_FLASH_WriteEnable), (32 bytes).
    Removing spi_flash.o(i.SPI_FLASH_WriteStatus), (48 bytes).
    Removing pwm.o(.rev16_text), (4 bytes).
    Removing pwm.o(.revsh_text), (4 bytes).
    Removing pwm.o(i.PWM_Cmd), (68 bytes).
    Removing pwm.o(i.PWM_Init), (168 bytes).
    Removing delay.o(.rev16_text), (4 bytes).
    Removing delay.o(.revsh_text), (4 bytes).
    Removing delay.o(i.delay_s), (28 bytes).

545 unused section(s) (total 21683 bytes) removed from the image.

==============================================================================

Image Symbol Table

    Local Symbols

    Symbol Name                              Value     Ov Type        Size  Object(Section)

    RESET                                    0x00000000   Section      356  startup_ht32f5xxxx_01.o(RESET)
    ../clib/microlib/division.c              0x00000000   Number         0  uldiv.o ABSOLUTE
    ../clib/microlib/division.c              0x00000000   Number         0  uidiv.o ABSOLUTE
    ../clib/microlib/init/entry.s            0x00000000   Number         0  entry11a.o ABSOLUTE
    ../clib/microlib/init/entry.s            0x00000000   Number         0  entry.o ABSOLUTE
    ../clib/microlib/init/entry.s            0x00000000   Number         0  entry10a.o ABSOLUTE
    ../clib/microlib/init/entry.s            0x00000000   Number         0  entry11b.o ABSOLUTE
    ../clib/microlib/init/entry.s            0x00000000   Number         0  entry10b.o ABSOLUTE
    ../clib/microlib/init/entry.s            0x00000000   Number         0  entry9a.o ABSOLUTE
    ../clib/microlib/init/entry.s            0x00000000   Number         0  entry8b.o ABSOLUTE
    ../clib/microlib/init/entry.s            0x00000000   Number         0  entry8a.o ABSOLUTE
    ../clib/microlib/init/entry.s            0x00000000   Number         0  entry7b.o ABSOLUTE
    ../clib/microlib/init/entry.s            0x00000000   Number         0  entry9b.o ABSOLUTE
    ../clib/microlib/init/entry.s            0x00000000   Number         0  entry7a.o ABSOLUTE
    ../clib/microlib/init/entry.s            0x00000000   Number         0  entry5.o ABSOLUTE
    ../clib/microlib/init/entry.s            0x00000000   Number         0  entry2.o ABSOLUTE
    ../clib/microlib/longlong.c              0x00000000   Number         0  llsshr.o ABSOLUTE
    ../clib/microlib/longlong.c              0x00000000   Number         0  llshl.o ABSOLUTE
    ../clib/microlib/longlong.c              0x00000000   Number         0  llushr.o ABSOLUTE
    ../clib/microlib/printf/printf.c         0x00000000   Number         0  printfb.o ABSOLUTE
    ../clib/microlib/printf/printf.c         0x00000000   Number         0  printf0.o ABSOLUTE
    ../clib/microlib/printf/printf.c         0x00000000   Number         0  printf2.o ABSOLUTE
    ../clib/microlib/printf/printf.c         0x00000000   Number         0  printf3.o ABSOLUTE
    ../clib/microlib/printf/printf.c         0x00000000   Number         0  printf4.o ABSOLUTE
    ../clib/microlib/printf/printf.c         0x00000000   Number         0  printf5.o ABSOLUTE
    ../clib/microlib/printf/printf.c         0x00000000   Number         0  printf6.o ABSOLUTE
    ../clib/microlib/printf/printf.c         0x00000000   Number         0  printf7.o ABSOLUTE
    ../clib/microlib/printf/printf.c         0x00000000   Number         0  printf8.o ABSOLUTE
    ../clib/microlib/printf/printf.c         0x00000000   Number         0  printfa.o ABSOLUTE
    ../clib/microlib/printf/printf.c         0x00000000   Number         0  printf1.o ABSOLUTE
    ../clib/microlib/printf/stubs.s          0x00000000   Number         0  stubs.o ABSOLUTE
    ../clib/microlib/stubs.s                 0x00000000   Number         0  useno.o ABSOLUTE
    ../clib/microlib/stubs.s                 0x00000000   Number         0  iusefp.o ABSOLUTE
    ../fplib/microlib/d2f.c                  0x00000000   Number         0  d2f.o ABSOLUTE
    ../fplib/microlib/f2d.c                  0x00000000   Number         0  f2d.o ABSOLUTE
    ../fplib/microlib/fpadd.c                0x00000000   Number         0  dadd.o ABSOLUTE
    ../fplib/microlib/fpdiv.c                0x00000000   Number         0  ddiv.o ABSOLUTE
    ../fplib/microlib/fpepilogue.c           0x00000000   Number         0  fepilogue.o ABSOLUTE
    ../fplib/microlib/fpepilogue.c           0x00000000   Number         0  depilogue.o ABSOLUTE
    ../fplib/microlib/fpfix.c                0x00000000   Number         0  dfixul.o ABSOLUTE
    ../fplib/microlib/fpflt.c                0x00000000   Number         0  dfltui.o ABSOLUTE
    ../fplib/microlib/fpmul.c                0x00000000   Number         0  dmul.o ABSOLUTE
    ..\LIB_CRE\delay\delay.c                 0x00000000   Number         0  delay.o ABSOLUTE
    ..\LIB_CRE\pwm\pwm.c                     0x00000000   Number         0  pwm.o ABSOLUTE
    ..\Library\src\ht32_cm0plus_misc.c       0x00000000   Number         0  ht32_cm0plus_misc.o ABSOLUTE
    ..\Library\src\ht32_retarget.c           0x00000000   Number         0  ht32_retarget.o ABSOLUTE
    ..\Library\src\ht32_serial.c             0x00000000   Number         0  ht32_serial.o ABSOLUTE
    ..\Library\src\ht32f5xxxx_adc.c          0x00000000   Number         0  ht32f5xxxx_adc.o ABSOLUTE
    ..\Library\src\ht32f5xxxx_bftm.c         0x00000000   Number         0  ht32f5xxxx_bftm.o ABSOLUTE
    ..\Library\src\ht32f5xxxx_ckcu.c         0x00000000   Number         0  ht32f5xxxx_ckcu.o ABSOLUTE
    ..\Library\src\ht32f5xxxx_cmp.c          0x00000000   Number         0  ht32f5xxxx_cmp.o ABSOLUTE
    ..\Library\src\ht32f5xxxx_crc.c          0x00000000   Number         0  ht32f5xxxx_crc.o ABSOLUTE
    ..\Library\src\ht32f5xxxx_ebi.c          0x00000000   Number         0  ht32f5xxxx_ebi.o ABSOLUTE
    ..\Library\src\ht32f5xxxx_exti.c         0x00000000   Number         0  ht32f5xxxx_exti.o ABSOLUTE
    ..\Library\src\ht32f5xxxx_flash.c        0x00000000   Number         0  ht32f5xxxx_flash.o ABSOLUTE
    ..\Library\src\ht32f5xxxx_gpio.c         0x00000000   Number         0  ht32f5xxxx_gpio.o ABSOLUTE
    ..\Library\src\ht32f5xxxx_i2c.c          0x00000000   Number         0  ht32f5xxxx_i2c.o ABSOLUTE
    ..\Library\src\ht32f5xxxx_i2s.c          0x00000000   Number         0  ht32f5xxxx_i2s.o ABSOLUTE
    ..\Library\src\ht32f5xxxx_mctm.c         0x00000000   Number         0  ht32f5xxxx_mctm.o ABSOLUTE
    ..\Library\src\ht32f5xxxx_pdma.c         0x00000000   Number         0  ht32f5xxxx_pdma.o ABSOLUTE
    ..\Library\src\ht32f5xxxx_pwrcu.c        0x00000000   Number         0  ht32f5xxxx_pwrcu.o ABSOLUTE
    ..\Library\src\ht32f5xxxx_rstcu.c        0x00000000   Number         0  ht32f5xxxx_rstcu.o ABSOLUTE
    ..\Library\src\ht32f5xxxx_rtc.c          0x00000000   Number         0  ht32f5xxxx_rtc.o ABSOLUTE
    ..\Library\src\ht32f5xxxx_sci.c          0x00000000   Number         0  ht32f5xxxx_sci.o ABSOLUTE
    ..\Library\src\ht32f5xxxx_spi.c          0x00000000   Number         0  ht32f5xxxx_spi.o ABSOLUTE
    ..\Library\src\ht32f5xxxx_tm.c           0x00000000   Number         0  ht32f5xxxx_tm.o ABSOLUTE
    ..\Library\src\ht32f5xxxx_usart.c        0x00000000   Number         0  ht32f5xxxx_usart.o ABSOLUTE
    ..\Library\src\ht32f5xxxx_usbd.c         0x00000000   Number         0  ht32f5xxxx_usbd.o ABSOLUTE
    ..\Library\src\ht32f5xxxx_wdt.c          0x00000000   Number         0  ht32f5xxxx_wdt.o ABSOLUTE
    ..\USBD_Library\ht32_usbd_core.c         0x00000000   Number         0  ht32_usbd_core.o ABSOLUTE
    ..\\LIB_CRE\\delay\\delay.c              0x00000000   Number         0  delay.o ABSOLUTE
    ..\\LIB_CRE\\pwm\\pwm.c                  0x00000000   Number         0  pwm.o ABSOLUTE
    ..\\Library\\src\\ht32_cm0plus_misc.c    0x00000000   Number         0  ht32_cm0plus_misc.o ABSOLUTE
    ..\\Library\\src\\ht32_retarget.c        0x00000000   Number         0  ht32_retarget.o ABSOLUTE
    ..\\Library\\src\\ht32_serial.c          0x00000000   Number         0  ht32_serial.o ABSOLUTE
    ..\\Library\\src\\ht32f5xxxx_adc.c       0x00000000   Number         0  ht32f5xxxx_adc.o ABSOLUTE
    ..\\Library\\src\\ht32f5xxxx_bftm.c      0x00000000   Number         0  ht32f5xxxx_bftm.o ABSOLUTE
    ..\\Library\\src\\ht32f5xxxx_ckcu.c      0x00000000   Number         0  ht32f5xxxx_ckcu.o ABSOLUTE
    ..\\Library\\src\\ht32f5xxxx_cmp.c       0x00000000   Number         0  ht32f5xxxx_cmp.o ABSOLUTE
    ..\\Library\\src\\ht32f5xxxx_crc.c       0x00000000   Number         0  ht32f5xxxx_crc.o ABSOLUTE
    ..\\Library\\src\\ht32f5xxxx_ebi.c       0x00000000   Number         0  ht32f5xxxx_ebi.o ABSOLUTE
    ..\\Library\\src\\ht32f5xxxx_exti.c      0x00000000   Number         0  ht32f5xxxx_exti.o ABSOLUTE
    ..\\Library\\src\\ht32f5xxxx_flash.c     0x00000000   Number         0  ht32f5xxxx_flash.o ABSOLUTE
    ..\\Library\\src\\ht32f5xxxx_gpio.c      0x00000000   Number         0  ht32f5xxxx_gpio.o ABSOLUTE
    ..\\Library\\src\\ht32f5xxxx_i2c.c       0x00000000   Number         0  ht32f5xxxx_i2c.o ABSOLUTE
    ..\\Library\\src\\ht32f5xxxx_i2s.c       0x00000000   Number         0  ht32f5xxxx_i2s.o ABSOLUTE
    ..\\Library\\src\\ht32f5xxxx_mctm.c      0x00000000   Number         0  ht32f5xxxx_mctm.o ABSOLUTE
    ..\\Library\\src\\ht32f5xxxx_pdma.c      0x00000000   Number         0  ht32f5xxxx_pdma.o ABSOLUTE
    ..\\Library\\src\\ht32f5xxxx_pwrcu.c     0x00000000   Number         0  ht32f5xxxx_pwrcu.o ABSOLUTE
    ..\\Library\\src\\ht32f5xxxx_rstcu.c     0x00000000   Number         0  ht32f5xxxx_rstcu.o ABSOLUTE
    ..\\Library\\src\\ht32f5xxxx_rtc.c       0x00000000   Number         0  ht32f5xxxx_rtc.o ABSOLUTE
    ..\\Library\\src\\ht32f5xxxx_sci.c       0x00000000   Number         0  ht32f5xxxx_sci.o ABSOLUTE
    ..\\Library\\src\\ht32f5xxxx_spi.c       0x00000000   Number         0  ht32f5xxxx_spi.o ABSOLUTE
    ..\\Library\\src\\ht32f5xxxx_tm.c        0x00000000   Number         0  ht32f5xxxx_tm.o ABSOLUTE
    ..\\Library\\src\\ht32f5xxxx_usart.c     0x00000000   Number         0  ht32f5xxxx_usart.o ABSOLUTE
    ..\\Library\\src\\ht32f5xxxx_usbd.c      0x00000000   Number         0  ht32f5xxxx_usbd.o ABSOLUTE
    ..\\Library\\src\\ht32f5xxxx_wdt.c       0x00000000   Number         0  ht32f5xxxx_wdt.o ABSOLUTE
    ..\\USBD_Library\\ht32_usbd_core.c       0x00000000   Number         0  ht32_usbd_core.o ABSOLUTE
    ..\\ht32f5xxxx_01_it.c                   0x00000000   Number         0  ht32f5xxxx_01_it.o ABSOLUTE
    ..\\main.c                               0x00000000   Number         0  main.o ABSOLUTE
    ..\\system_ht32f5xxxx_01.c               0x00000000   Number         0  system_ht32f5xxxx_01.o ABSOLUTE
    ..\\utilities\\common\\ebi_lcd.c         0x00000000   Number         0  ebi_lcd.o ABSOLUTE
    ..\\utilities\\common\\i2c_eeprom.c      0x00000000   Number         0  i2c_eeprom.o ABSOLUTE
    ..\\utilities\\common\\spi_flash.c       0x00000000   Number         0  spi_flash.o ABSOLUTE
    ..\\utilities\\ht32_board.c              0x00000000   Number         0  ht32_board.o ABSOLUTE
    ..\ht32f5xxxx_01_it.c                    0x00000000   Number         0  ht32f5xxxx_01_it.o ABSOLUTE
    ..\main.c                                0x00000000   Number         0  main.o ABSOLUTE
    ..\system_ht32f5xxxx_01.c                0x00000000   Number         0  system_ht32f5xxxx_01.o ABSOLUTE
    ..\utilities\common\ebi_lcd.c            0x00000000   Number         0  ebi_lcd.o ABSOLUTE
    ..\utilities\common\i2c_eeprom.c         0x00000000   Number         0  i2c_eeprom.o ABSOLUTE
    ..\utilities\common\spi_flash.c          0x00000000   Number         0  spi_flash.o ABSOLUTE
    ..\utilities\ht32_board.c                0x00000000   Number         0  ht32_board.o ABSOLUTE
    cdrcmple.s                               0x00000000   Number         0  cdrcmple.o ABSOLUTE
    dc.s                                     0x00000000   Number         0  dc.o ABSOLUTE
    handlers.s                               0x00000000   Number         0  handlers.o ABSOLUTE
    ht32_op.s                                0x00000000   Number         0  ht32_op.o ABSOLUTE
    init.s                                   0x00000000   Number         0  init.o ABSOLUTE
    startup_ht32f5xxxx_01.s                  0x00000000   Number         0  startup_ht32f5xxxx_01.o ABSOLUTE
    BootProcess                              0x000000cd   Thumb Code    94  startup_ht32f5xxxx_01.o(RESET)
    .ARM.Collect$$$$00000000                 0x00000164   Section        0  entry.o(.ARM.Collect$$$$00000000)
    .ARM.Collect$$$$00000001                 0x00000164   Section        4  entry2.o(.ARM.Collect$$$$00000001)
    .ARM.Collect$$$$00000004                 0x00000168   Section        4  entry5.o(.ARM.Collect$$$$00000004)
    .ARM.Collect$$$$00000008                 0x0000016c   Section        0  entry7b.o(.ARM.Collect$$$$00000008)
    .ARM.Collect$$$$0000000A                 0x0000016c   Section        0  entry8b.o(.ARM.Collect$$$$0000000A)
    .ARM.Collect$$$$0000000B                 0x0000016c   Section        8  entry9a.o(.ARM.Collect$$$$0000000B)
    .ARM.Collect$$$$0000000D                 0x00000174   Section        0  entry10a.o(.ARM.Collect$$$$0000000D)
    .ARM.Collect$$$$0000000F                 0x00000174   Section        0  entry11a.o(.ARM.Collect$$$$0000000F)
    .ARM.Collect$$$$00002712                 0x00000174   Section        4  entry2.o(.ARM.Collect$$$$00002712)
    __lit__00000000                          0x00000174   Data           4  entry2.o(.ARM.Collect$$$$00002712)
    .text                                    0x00000178   Section        0  uidiv.o(.text)
    .text                                    0x000001a4   Section        0  ddiv.o(.text)
    .text                                    0x00000294   Section        0  dfltui.o(.text)
    .text                                    0x000002b0   Section        0  f2d.o(.text)
    .text                                    0x000002d8   Section        0  d2f.o(.text)
    .text                                    0x00000310   Section        0  uldiv.o(.text)
    .text                                    0x00000370   Section        0  fepilogue.o(.text)
    .text                                    0x00000370   Section        0  iusefp.o(.text)
    .text                                    0x000003f2   Section        0  depilogue.o(.text)
    .text                                    0x000004b0   Section        0  dadd.o(.text)
    .text                                    0x00000614   Section        0  dmul.o(.text)
    .text                                    0x000006e4   Section        0  dfixul.o(.text)
    .text                                    0x00000724   Section       40  cdrcmple.o(.text)
    .text                                    0x0000074c   Section       36  init.o(.text)
    .text                                    0x00000770   Section        0  llshl.o(.text)
    .text                                    0x00000790   Section        0  llushr.o(.text)
    .text                                    0x000007b2   Section        0  llsshr.o(.text)
    i.AFIO_EXTISourceConfig                  0x000007d8   Section        0  ht32f5xxxx_gpio.o(i.AFIO_EXTISourceConfig)
    i.AFIO_GPxConfig                         0x00000804   Section        0  ht32f5xxxx_gpio.o(i.AFIO_GPxConfig)
    i.BFTM0_IRQHandler                       0x0000085c   Section        0  main.o(i.BFTM0_IRQHandler)
    i.BFTM1_IRQHandler                       0x0000088c   Section        0  main.o(i.BFTM1_IRQHandler)
    i.BFTM_ClearFlag                         0x0000093c   Section        0  ht32f5xxxx_bftm.o(i.BFTM_ClearFlag)
    i.BFTM_Configuration                     0x0000094c   Section        0  main.o(i.BFTM_Configuration)
    i.BFTM_Configuration_1                   0x0000099c   Section        0  main.o(i.BFTM_Configuration_1)
    i.BFTM_EnaCmd                            0x000009e8   Section        0  ht32f5xxxx_bftm.o(i.BFTM_EnaCmd)
    i.BFTM_IntConfig                         0x000009fa   Section        0  ht32f5xxxx_bftm.o(i.BFTM_IntConfig)
    i.BFTM_SetCompare                        0x00000a0e   Section        0  ht32f5xxxx_bftm.o(i.BFTM_SetCompare)
    i.BFTM_SetCounter                        0x00000a12   Section        0  ht32f5xxxx_bftm.o(i.BFTM_SetCounter)
    i.CKCU_Configuration                     0x00000a16   Section        0  main.o(i.CKCU_Configuration)
    i.CKCU_GetClocksFrequency                0x00000a2c   Section        0  ht32f5xxxx_ckcu.o(i.CKCU_GetClocksFrequency)
    i.CKCU_GetPLLFrequency                   0x00000a98   Section        0  ht32f5xxxx_ckcu.o(i.CKCU_GetPLLFrequency)
    i.CKCU_GetPeripFrequency                 0x00000ad4   Section        0  ht32f5xxxx_ckcu.o(i.CKCU_GetPeripFrequency)
    i.CKCU_PeripClockConfig                  0x00000b08   Section        0  ht32f5xxxx_ckcu.o(i.CKCU_PeripClockConfig)
    i.EXTI0_1_IRQHandler                     0x00000b30   Section        0  main.o(i.EXTI0_1_IRQHandler)
    i.EXTI4_15_IRQHandler                    0x00000b80   Section        0  main.o(i.EXTI4_15_IRQHandler)
    i.EXTI_ClearEdgeFlag                     0x00000bac   Section        0  ht32f5xxxx_exti.o(i.EXTI_ClearEdgeFlag)
    i.EXTI_GetEdgeFlag                       0x00000bbc   Section        0  ht32f5xxxx_exti.o(i.EXTI_GetEdgeFlag)
    i.EXTI_GetEdgeStatus                     0x00000bd4   Section        0  ht32f5xxxx_exti.o(i.EXTI_GetEdgeStatus)
    i.EXTI_Init                              0x00000bfc   Section        0  ht32f5xxxx_exti.o(i.EXTI_Init)
    i.EXTI_IntConfig                         0x00000c1c   Section        0  ht32f5xxxx_exti.o(i.EXTI_IntConfig)
    i.EXTI_KEY1_Configuration                0x00000c38   Section        0  main.o(i.EXTI_KEY1_Configuration)
    i.EXTI_WAKE_Configuration                0x00000c9c   Section        0  main.o(i.EXTI_WAKE_Configuration)
    i.GPIO_DirectionConfig                   0x00000d04   Section        0  ht32f5xxxx_gpio.o(i.GPIO_DirectionConfig)
    i.GPIO_DriveConfig                       0x00000d14   Section        0  ht32f5xxxx_gpio.o(i.GPIO_DriveConfig)
    i.GPIO_IN_Configuration                  0x00000d44   Section        0  main.o(i.GPIO_IN_Configuration)
    i.GPIO_InputConfig                       0x00000dfc   Section        0  ht32f5xxxx_gpio.o(i.GPIO_InputConfig)
    i.GPIO_OUT_Configuration                 0x00000e0c   Section        0  main.o(i.GPIO_OUT_Configuration)
    i.GPIO_PullResistorConfig                0x00000e70   Section        0  ht32f5xxxx_gpio.o(i.GPIO_PullResistorConfig)
    i.GPIO_WriteOutBits                      0x00000e9a   Section        0  ht32f5xxxx_gpio.o(i.GPIO_WriteOutBits)
    i.GPTM0_IRQHandler                       0x00000ea8   Section        0  pwm.o(i.GPTM0_IRQHandler)
    i.HT32F_DVB_COMInit                      0x00000ee8   Section        0  ht32_board.o(i.HT32F_DVB_COMInit)
    i.HT32F_DVB_LEDInit                      0x00000f38   Section        0  ht32_board.o(i.HT32F_DVB_LEDInit)
    i.HT32F_DVB_LEDOff                       0x00000f90   Section        0  ht32_board.o(i.HT32F_DVB_LEDOff)
    i.HardFault_Handler                      0x00000fa8   Section        0  ht32f5xxxx_01_it.o(i.HardFault_Handler)
    i.NMI_Handler                            0x00000fb8   Section        0  ht32f5xxxx_01_it.o(i.NMI_Handler)
    i.NVIC_EnableIRQ                         0x00000fbc   Section        0  main.o(i.NVIC_EnableIRQ)
    NVIC_EnableIRQ                           0x00000fbd   Thumb Code    14  main.o(i.NVIC_EnableIRQ)
    i.PendSV_Handler                         0x00000fd0   Section        0  ht32f5xxxx_01_it.o(i.PendSV_Handler)
    i.RETARGET_Configuration                 0x00000fd2   Section        0  ht32_retarget.o(i.RETARGET_Configuration)
    i.SERIAL_PutChar                         0x00000ff0   Section        0  ht32_serial.o(i.SERIAL_PutChar)
    i.SVC_Handler                            0x00001004   Section        0  ht32f5xxxx_01_it.o(i.SVC_Handler)
    i.SYSTICK_ClockSourceConfig              0x00001008   Section        0  ht32_cm0plus_misc.o(i.SYSTICK_ClockSourceConfig)
    i.SYSTICK_CounterCmd                     0x00001020   Section        0  ht32_cm0plus_misc.o(i.SYSTICK_CounterCmd)
    i.SYSTICK_IntConfig                      0x00001044   Section        0  ht32_cm0plus_misc.o(i.SYSTICK_IntConfig)
    i.SYSTICK_SetReloadValue                 0x0000105c   Section        0  ht32_cm0plus_misc.o(i.SYSTICK_SetReloadValue)
    i.SysTick_Handler                        0x00001068   Section        0  main.o(i.SysTick_Handler)
    i.SystemInit                             0x00001078   Section        0  system_ht32f5xxxx_01.o(i.SystemInit)
    i.TM_ClearFlag                           0x00001174   Section        0  ht32f5xxxx_tm.o(i.TM_ClearFlag)
    i.TM_Cmd                                 0x0000117e   Section        0  ht32f5xxxx_tm.o(i.TM_Cmd)
    i.TM_IntConfig                           0x00001192   Section        0  ht32f5xxxx_tm.o(i.TM_IntConfig)
    i.USART1_IRQHandler                      0x000011a4   Section        0  main.o(i.USART1_IRQHandler)
    i.USART_GetFlagStatus                    0x0000123c   Section        0  ht32f5xxxx_usart.o(i.USART_GetFlagStatus)
    i.USART_GetIntStatus                     0x00001246   Section        0  ht32f5xxxx_usart.o(i.USART_GetIntStatus)
    i.USART_Init                             0x00001250   Section        0  ht32f5xxxx_usart.o(i.USART_Init)
    i.USART_IntConfig                        0x000012d4   Section        0  ht32f5xxxx_usart.o(i.USART_IntConfig)
    i.USART_ReceiveData                      0x000012e4   Section        0  ht32f5xxxx_usart.o(i.USART_ReceiveData)
    i.USART_SendData                         0x000012ea   Section        0  ht32f5xxxx_usart.o(i.USART_SendData)
    i.USART_TxRxCmd                          0x000012ee   Section        0  ht32f5xxxx_usart.o(i.USART_TxRxCmd)
    i.UxART_Configuration                    0x00001304   Section        0  main.o(i.UxART_Configuration)
    i.UxART_TxTest                           0x00001384   Section        0  main.o(i.UxART_TxTest)
    i._HT32F_DVB_ClockConfig                 0x000013b8   Section        0  ht32_board.o(i._HT32F_DVB_ClockConfig)
    _HT32F_DVB_ClockConfig                   0x000013b9   Thumb Code    72  ht32_board.o(i._HT32F_DVB_ClockConfig)
    i.__0printf                              0x00001400   Section        0  printfa.o(i.__0printf)
    i.__ARM_clz                              0x00001420   Section        0  depilogue.o(i.__ARM_clz)
    i.__ARM_common_switch8                   0x0000144e   Section        0  ht32f5xxxx_ckcu.o(i.__ARM_common_switch8)
    i.__scatterload_copy                     0x00001468   Section       14  handlers.o(i.__scatterload_copy)
    i.__scatterload_null                     0x00001476   Section        2  handlers.o(i.__scatterload_null)
    i.__scatterload_zeroinit                 0x00001478   Section       14  handlers.o(i.__scatterload_zeroinit)
    i._fp_digits                             0x00001488   Section        0  printfa.o(i._fp_digits)
    _fp_digits                               0x00001489   Thumb Code   316  printfa.o(i._fp_digits)
    i._printf_core                           0x000015e0   Section        0  printfa.o(i._printf_core)
    _printf_core                             0x000015e1   Thumb Code  1754  printfa.o(i._printf_core)
    i._printf_post_padding                   0x00001ccc   Section        0  printfa.o(i._printf_post_padding)
    _printf_post_padding                     0x00001ccd   Thumb Code    32  printfa.o(i._printf_post_padding)
    i._printf_pre_padding                    0x00001cec   Section        0  printfa.o(i._printf_pre_padding)
    _printf_pre_padding                      0x00001ced   Thumb Code    44  printfa.o(i._printf_pre_padding)
    i.delay_ms                               0x00001d18   Section        0  delay.o(i.delay_ms)
    i.delay_us                               0x00001d34   Section        0  delay.o(i.delay_us)
    i.fputc                                  0x00001d90   Section        0  ht32_retarget.o(i.fputc)
    i.led_run                                0x00001d98   Section        0  main.o(i.led_run)
    i.main                                   0x00001e18   Section        0  main.o(i.main)
    .constdata                               0x00001e9c   Section       45  main.o(.constdata)
    .constdata                               0x00001ecc   Section       68  ht32_board.o(.constdata)
    .data                                    0x20000000   Section       44  main.o(.data)
    .data                                    0x2000002c   Section        4  ht32f5xxxx_01_it.o(.data)
    gIsContinue                              0x2000002c   Data           4  ht32f5xxxx_01_it.o(.data)
    .data                                    0x20000030   Section        4  system_ht32f5xxxx_01.o(.data)
    .data                                    0x20000034   Section        4  ht32_retarget.o(.data)
    .data                                    0x20000038   Section        4  pwm.o(.data)
    .bss                                     0x2000003c   Section      256  main.o(.bss)
    STACK                                    0x20000140   Section      512  startup_ht32f5xxxx_01.o(STACK)

    Global Symbols

    Symbol Name                              Value     Ov Type        Size  Object(Section)

    BuildAttributes$$THM_ISAv3M$S$PE$A:L22$X:L11$S22$IEEE1$IW$USESV6$~STKCKD$USESV7$~SHL$OTIME$ROPI$EBA8$MICROLIB$REQ8$PRES8$EABIv2 0x00000000   Number         0  anon$$obj.o ABSOLUTE
    __ARM_use_no_argv                        0x00000000   Number         0  main.o ABSOLUTE
    __Vectors                                0x00000000   Data           0  startup_ht32f5xxxx_01.o(RESET)
    __use_no_errno                           0x00000000   Number         0  useno.o ABSOLUTE
    __use_no_exception_handling              0x00000000   Number         0  useno.o ABSOLUTE
    __use_no_fp                              0x00000000   Number         0  useno.o ABSOLUTE
    __use_no_heap                            0x00000000   Number         0  useno.o ABSOLUTE
    __use_no_heap_region                     0x00000000   Number         0  useno.o ABSOLUTE
    __use_no_semihosting                     0x00000000   Number         0  useno.o ABSOLUTE
    __use_no_semihosting_swi                 0x00000000   Number         0  useno.o ABSOLUTE
    __use_no_signal_handling                 0x00000000   Number         0  useno.o ABSOLUTE
    _printf_a                                0x00000000   Number         0  stubs.o ABSOLUTE
    _printf_c                                0x00000000   Number         0  stubs.o ABSOLUTE
    _printf_charcount                        0x00000000   Number         0  stubs.o ABSOLUTE
    _printf_d                                0x00000000   Number         0  stubs.o ABSOLUTE
    _printf_e                                0x00000000   Number         0  stubs.o ABSOLUTE
    _printf_f                                0x00000000   Number         0  stubs.o ABSOLUTE
    _printf_flags                            0x00000000   Number         0  stubs.o ABSOLUTE
    _printf_fp_dec                           0x00000000   Number         0  stubs.o ABSOLUTE
    _printf_fp_hex                           0x00000000   Number         0  stubs.o ABSOLUTE
    _printf_g                                0x00000000   Number         0  stubs.o ABSOLUTE
    _printf_i                                0x00000000   Number         0  stubs.o ABSOLUTE
    _printf_int_dec                          0x00000000   Number         0  stubs.o ABSOLUTE
    _printf_l                                0x00000000   Number         0  stubs.o ABSOLUTE
    _printf_lc                               0x00000000   Number         0  stubs.o ABSOLUTE
    _printf_ll                               0x00000000   Number         0  stubs.o ABSOLUTE
    _printf_lld                              0x00000000   Number         0  stubs.o ABSOLUTE
    _printf_lli                              0x00000000   Number         0  stubs.o ABSOLUTE
    _printf_llo                              0x00000000   Number         0  stubs.o ABSOLUTE
    _printf_llu                              0x00000000   Number         0  stubs.o ABSOLUTE
    _printf_llx                              0x00000000   Number         0  stubs.o ABSOLUTE
    _printf_longlong_dec                     0x00000000   Number         0  stubs.o ABSOLUTE
    _printf_longlong_hex                     0x00000000   Number         0  stubs.o ABSOLUTE
    _printf_longlong_oct                     0x00000000   Number         0  stubs.o ABSOLUTE
    _printf_ls                               0x00000000   Number         0  stubs.o ABSOLUTE
    _printf_mbtowc                           0x00000000   Number         0  stubs.o ABSOLUTE
    _printf_n                                0x00000000   Number         0  stubs.o ABSOLUTE
    _printf_o                                0x00000000   Number         0  stubs.o ABSOLUTE
    _printf_p                                0x00000000   Number         0  stubs.o ABSOLUTE
    _printf_percent                          0x00000000   Number         0  stubs.o ABSOLUTE
    _printf_pre_padding                      0x00000000   Number         0  stubs.o ABSOLUTE
    _printf_return_value                     0x00000000   Number         0  stubs.o ABSOLUTE
    _printf_s                                0x00000000   Number         0  stubs.o ABSOLUTE
    _printf_sizespec                         0x00000000   Number         0  stubs.o ABSOLUTE
    _printf_str                              0x00000000   Number         0  stubs.o ABSOLUTE
    _printf_truncate_signed                  0x00000000   Number         0  stubs.o ABSOLUTE
    _printf_truncate_unsigned                0x00000000   Number         0  stubs.o ABSOLUTE
    _printf_u                                0x00000000   Number         0  stubs.o ABSOLUTE
    _printf_wc                               0x00000000   Number         0  stubs.o ABSOLUTE
    _printf_wctomb                           0x00000000   Number         0  stubs.o ABSOLUTE
    _printf_widthprec                        0x00000000   Number         0  stubs.o ABSOLUTE
    _printf_x                                0x00000000   Number         0  stubs.o ABSOLUTE
    __cpp_initialize__aeabi_                  - Undefined Weak Reference
    __cxa_finalize                            - Undefined Weak Reference
    __decompress                              - Undefined Weak Reference
    _clock_init                               - Undefined Weak Reference
    _microlib_exit                            - Undefined Weak Reference
    Reset_Handler                            0x000000c1   Thumb Code    12  startup_ht32f5xxxx_01.o(RESET)
    ADC_IRQHandler                           0x00000135   Thumb Code     0  startup_ht32f5xxxx_01.o(RESET)
    AES_IRQHandler                           0x00000135   Thumb Code     0  startup_ht32f5xxxx_01.o(RESET)
    COMP_IRQHandler                          0x00000135   Thumb Code     0  startup_ht32f5xxxx_01.o(RESET)
    EVWUP_IRQHandler                         0x00000135   Thumb Code     0  startup_ht32f5xxxx_01.o(RESET)
    EXTI2_3_IRQHandler                       0x00000135   Thumb Code     0  startup_ht32f5xxxx_01.o(RESET)
    FLASH_IRQHandler                         0x00000135   Thumb Code     0  startup_ht32f5xxxx_01.o(RESET)
    GPTM1_IRQHandler                         0x00000135   Thumb Code     0  startup_ht32f5xxxx_01.o(RESET)
    I2C0_IRQHandler                          0x00000135   Thumb Code     0  startup_ht32f5xxxx_01.o(RESET)
    I2C1_IRQHandler                          0x00000135   Thumb Code     0  startup_ht32f5xxxx_01.o(RESET)
    I2C2_IRQHandler                          0x00000135   Thumb Code     0  startup_ht32f5xxxx_01.o(RESET)
    I2S_IRQHandler                           0x00000135   Thumb Code     0  startup_ht32f5xxxx_01.o(RESET)
    LVD_BOD_IRQHandler                       0x00000135   Thumb Code     0  startup_ht32f5xxxx_01.o(RESET)
    MCTM0_IRQHandler                         0x00000135   Thumb Code     0  startup_ht32f5xxxx_01.o(RESET)
    MIDI_IRQHandler                          0x00000135   Thumb Code     0  startup_ht32f5xxxx_01.o(RESET)
    PDMA_CH0_1_IRQHandler                    0x00000135   Thumb Code     0  startup_ht32f5xxxx_01.o(RESET)
    PDMA_CH2_5_IRQHandler                    0x00000135   Thumb Code     0  startup_ht32f5xxxx_01.o(RESET)
    PWM0_IRQHandler                          0x00000135   Thumb Code     0  startup_ht32f5xxxx_01.o(RESET)
    PWM1_IRQHandler                          0x00000135   Thumb Code     0  startup_ht32f5xxxx_01.o(RESET)
    QSPI_IRQHandler                          0x00000135   Thumb Code     0  startup_ht32f5xxxx_01.o(RESET)
    RTC_IRQHandler                           0x00000135   Thumb Code     0  startup_ht32f5xxxx_01.o(RESET)
    SCI_IRQHandler                           0x00000135   Thumb Code     0  startup_ht32f5xxxx_01.o(RESET)
    SCTM0_IRQHandler                         0x00000135   Thumb Code     0  startup_ht32f5xxxx_01.o(RESET)
    SCTM1_IRQHandler                         0x00000135   Thumb Code     0  startup_ht32f5xxxx_01.o(RESET)
    SCTM2_IRQHandler                         0x00000135   Thumb Code     0  startup_ht32f5xxxx_01.o(RESET)
    SCTM3_IRQHandler                         0x00000135   Thumb Code     0  startup_ht32f5xxxx_01.o(RESET)
    SPI0_IRQHandler                          0x00000135   Thumb Code     0  startup_ht32f5xxxx_01.o(RESET)
    SPI1_IRQHandler                          0x00000135   Thumb Code     0  startup_ht32f5xxxx_01.o(RESET)
    UART0_IRQHandler                         0x00000135   Thumb Code     0  startup_ht32f5xxxx_01.o(RESET)
    UART1_IRQHandler                         0x00000135   Thumb Code     0  startup_ht32f5xxxx_01.o(RESET)
    UART2_IRQHandler                         0x00000135   Thumb Code     0  startup_ht32f5xxxx_01.o(RESET)
    UART3_IRQHandler                         0x00000135   Thumb Code     0  startup_ht32f5xxxx_01.o(RESET)
    USART0_IRQHandler                        0x00000135   Thumb Code     0  startup_ht32f5xxxx_01.o(RESET)
    USB_IRQHandler                           0x00000135   Thumb Code     0  startup_ht32f5xxxx_01.o(RESET)
    __main                                   0x00000165   Thumb Code     0  entry.o(.ARM.Collect$$$$00000000)
    _main_stk                                0x00000165   Thumb Code     0  entry2.o(.ARM.Collect$$$$00000001)
    _main_scatterload                        0x00000169   Thumb Code     0  entry5.o(.ARM.Collect$$$$00000004)
    __main_after_scatterload                 0x0000016d   Thumb Code     0  entry5.o(.ARM.Collect$$$$00000004)
    _main_clock                              0x0000016d   Thumb Code     0  entry7b.o(.ARM.Collect$$$$00000008)
    _main_cpp_init                           0x0000016d   Thumb Code     0  entry8b.o(.ARM.Collect$$$$0000000A)
    _main_init                               0x0000016d   Thumb Code     0  entry9a.o(.ARM.Collect$$$$0000000B)
    __rt_final_cpp                           0x00000175   Thumb Code     0  entry10a.o(.ARM.Collect$$$$0000000D)
    __rt_final_exit                          0x00000175   Thumb Code     0  entry11a.o(.ARM.Collect$$$$0000000F)
    __aeabi_uidiv                            0x00000179   Thumb Code     0  uidiv.o(.text)
    __aeabi_uidivmod                         0x00000179   Thumb Code    44  uidiv.o(.text)
    __aeabi_ddiv                             0x000001a5   Thumb Code   234  ddiv.o(.text)
    __aeabi_ui2d                             0x00000295   Thumb Code    24  dfltui.o(.text)
    __aeabi_f2d                              0x000002b1   Thumb Code    40  f2d.o(.text)
    __aeabi_d2f                              0x000002d9   Thumb Code    56  d2f.o(.text)
    __aeabi_uldivmod                         0x00000311   Thumb Code    96  uldiv.o(.text)
    __I$use$fp                               0x00000371   Thumb Code     0  iusefp.o(.text)
    _float_round                             0x00000371   Thumb Code    16  fepilogue.o(.text)
    _float_epilogue                          0x00000381   Thumb Code   114  fepilogue.o(.text)
    _double_round                            0x000003f3   Thumb Code    26  depilogue.o(.text)
    _double_epilogue                         0x0000040d   Thumb Code   164  depilogue.o(.text)
    __aeabi_dadd                             0x000004b1   Thumb Code   328  dadd.o(.text)
    __aeabi_dsub                             0x000005f9   Thumb Code    12  dadd.o(.text)
    __aeabi_drsub                            0x00000605   Thumb Code    12  dadd.o(.text)
    __aeabi_dmul                             0x00000615   Thumb Code   202  dmul.o(.text)
    __aeabi_d2ulz                            0x000006e5   Thumb Code    54  dfixul.o(.text)
    __aeabi_cdrcmple                         0x00000725   Thumb Code    38  cdrcmple.o(.text)
    __scatterload                            0x0000074d   Thumb Code    28  init.o(.text)
    __scatterload_rt2                        0x0000074d   Thumb Code     0  init.o(.text)
    __aeabi_llsl                             0x00000771   Thumb Code    32  llshl.o(.text)
    _ll_shift_l                              0x00000771   Thumb Code     0  llshl.o(.text)
    __aeabi_llsr                             0x00000791   Thumb Code    34  llushr.o(.text)
    _ll_ushift_r                             0x00000791   Thumb Code     0  llushr.o(.text)
    __aeabi_lasr                             0x000007b3   Thumb Code    38  llsshr.o(.text)
    _ll_sshift_r                             0x000007b3   Thumb Code     0  llsshr.o(.text)
    AFIO_EXTISourceConfig                    0x000007d9   Thumb Code    38  ht32f5xxxx_gpio.o(i.AFIO_EXTISourceConfig)
    AFIO_GPxConfig                           0x00000805   Thumb Code    82  ht32f5xxxx_gpio.o(i.AFIO_GPxConfig)
    BFTM0_IRQHandler                         0x0000085d   Thumb Code    38  main.o(i.BFTM0_IRQHandler)
    BFTM1_IRQHandler                         0x0000088d   Thumb Code    68  main.o(i.BFTM1_IRQHandler)
    BFTM_ClearFlag                           0x0000093d   Thumb Code    14  ht32f5xxxx_bftm.o(i.BFTM_ClearFlag)
    BFTM_Configuration                       0x0000094d   Thumb Code    68  main.o(i.BFTM_Configuration)
    BFTM_Configuration_1                     0x0000099d   Thumb Code    68  main.o(i.BFTM_Configuration_1)
    BFTM_EnaCmd                              0x000009e9   Thumb Code    18  ht32f5xxxx_bftm.o(i.BFTM_EnaCmd)
    BFTM_IntConfig                           0x000009fb   Thumb Code    20  ht32f5xxxx_bftm.o(i.BFTM_IntConfig)
    BFTM_SetCompare                          0x00000a0f   Thumb Code     4  ht32f5xxxx_bftm.o(i.BFTM_SetCompare)
    BFTM_SetCounter                          0x00000a13   Thumb Code     4  ht32f5xxxx_bftm.o(i.BFTM_SetCounter)
    CKCU_Configuration                       0x00000a17   Thumb Code    20  main.o(i.CKCU_Configuration)
    CKCU_GetClocksFrequency                  0x00000a2d   Thumb Code    98  ht32f5xxxx_ckcu.o(i.CKCU_GetClocksFrequency)
    CKCU_GetPLLFrequency                     0x00000a99   Thumb Code    50  ht32f5xxxx_ckcu.o(i.CKCU_GetPLLFrequency)
    CKCU_GetPeripFrequency                   0x00000ad5   Thumb Code    48  ht32f5xxxx_ckcu.o(i.CKCU_GetPeripFrequency)
    CKCU_PeripClockConfig                    0x00000b09   Thumb Code    34  ht32f5xxxx_ckcu.o(i.CKCU_PeripClockConfig)
    EXTI0_1_IRQHandler                       0x00000b31   Thumb Code    72  main.o(i.EXTI0_1_IRQHandler)
    EXTI4_15_IRQHandler                      0x00000b81   Thumb Code    38  main.o(i.EXTI4_15_IRQHandler)
    EXTI_ClearEdgeFlag                       0x00000bad   Thumb Code    12  ht32f5xxxx_exti.o(i.EXTI_ClearEdgeFlag)
    EXTI_GetEdgeFlag                         0x00000bbd   Thumb Code    20  ht32f5xxxx_exti.o(i.EXTI_GetEdgeFlag)
    EXTI_GetEdgeStatus                       0x00000bd5   Thumb Code    34  ht32f5xxxx_exti.o(i.EXTI_GetEdgeStatus)
    EXTI_Init                                0x00000bfd   Thumb Code    26  ht32f5xxxx_exti.o(i.EXTI_Init)
    EXTI_IntConfig                           0x00000c1d   Thumb Code    22  ht32f5xxxx_exti.o(i.EXTI_IntConfig)
    EXTI_KEY1_Configuration                  0x00000c39   Thumb Code    96  main.o(i.EXTI_KEY1_Configuration)
    EXTI_WAKE_Configuration                  0x00000c9d   Thumb Code    98  main.o(i.EXTI_WAKE_Configuration)
    GPIO_DirectionConfig                     0x00000d05   Thumb Code    16  ht32f5xxxx_gpio.o(i.GPIO_DirectionConfig)
    GPIO_DriveConfig                         0x00000d15   Thumb Code    48  ht32f5xxxx_gpio.o(i.GPIO_DriveConfig)
    GPIO_IN_Configuration                    0x00000d45   Thumb Code   172  main.o(i.GPIO_IN_Configuration)
    GPIO_InputConfig                         0x00000dfd   Thumb Code    16  ht32f5xxxx_gpio.o(i.GPIO_InputConfig)
    GPIO_OUT_Configuration                   0x00000e0d   Thumb Code    90  main.o(i.GPIO_OUT_Configuration)
    GPIO_PullResistorConfig                  0x00000e71   Thumb Code    42  ht32f5xxxx_gpio.o(i.GPIO_PullResistorConfig)
    GPIO_WriteOutBits                        0x00000e9b   Thumb Code    12  ht32f5xxxx_gpio.o(i.GPIO_WriteOutBits)
    GPTM0_IRQHandler                         0x00000ea9   Thumb Code    56  pwm.o(i.GPTM0_IRQHandler)
    HT32F_DVB_COMInit                        0x00000ee9   Thumb Code    74  ht32_board.o(i.HT32F_DVB_COMInit)
    HT32F_DVB_LEDInit                        0x00000f39   Thumb Code    84  ht32_board.o(i.HT32F_DVB_LEDInit)
    HT32F_DVB_LEDOff                         0x00000f91   Thumb Code    20  ht32_board.o(i.HT32F_DVB_LEDOff)
    HardFault_Handler                        0x00000fa9   Thumb Code    10  ht32f5xxxx_01_it.o(i.HardFault_Handler)
    NMI_Handler                              0x00000fb9   Thumb Code     2  ht32f5xxxx_01_it.o(i.NMI_Handler)
    PendSV_Handler                           0x00000fd1   Thumb Code     2  ht32f5xxxx_01_it.o(i.PendSV_Handler)
    RETARGET_Configuration                   0x00000fd3   Thumb Code    30  ht32_retarget.o(i.RETARGET_Configuration)
    SERIAL_PutChar                           0x00000ff1   Thumb Code    14  ht32_serial.o(i.SERIAL_PutChar)
    SVC_Handler                              0x00001005   Thumb Code     2  ht32f5xxxx_01_it.o(i.SVC_Handler)
    SYSTICK_ClockSourceConfig                0x00001009   Thumb Code    20  ht32_cm0plus_misc.o(i.SYSTICK_ClockSourceConfig)
    SYSTICK_CounterCmd                       0x00001021   Thumb Code    32  ht32_cm0plus_misc.o(i.SYSTICK_CounterCmd)
    SYSTICK_IntConfig                        0x00001045   Thumb Code    20  ht32_cm0plus_misc.o(i.SYSTICK_IntConfig)
    SYSTICK_SetReloadValue                   0x0000105d   Thumb Code     6  ht32_cm0plus_misc.o(i.SYSTICK_SetReloadValue)
    SysTick_Handler                          0x00001069   Thumb Code    10  main.o(i.SysTick_Handler)
    SystemInit                               0x00001079   Thumb Code   232  system_ht32f5xxxx_01.o(i.SystemInit)
    TM_ClearFlag                             0x00001175   Thumb Code    10  ht32f5xxxx_tm.o(i.TM_ClearFlag)
    TM_Cmd                                   0x0000117f   Thumb Code    20  ht32f5xxxx_tm.o(i.TM_Cmd)
    TM_IntConfig                             0x00001193   Thumb Code    16  ht32f5xxxx_tm.o(i.TM_IntConfig)
    USART1_IRQHandler                        0x000011a5   Thumb Code   144  main.o(i.USART1_IRQHandler)
    USART_GetFlagStatus                      0x0000123d   Thumb Code    10  ht32f5xxxx_usart.o(i.USART_GetFlagStatus)
    USART_GetIntStatus                       0x00001247   Thumb Code    10  ht32f5xxxx_usart.o(i.USART_GetIntStatus)
    USART_Init                               0x00001251   Thumb Code   114  ht32f5xxxx_usart.o(i.USART_Init)
    USART_IntConfig                          0x000012d5   Thumb Code    16  ht32f5xxxx_usart.o(i.USART_IntConfig)
    USART_ReceiveData                        0x000012e5   Thumb Code     6  ht32f5xxxx_usart.o(i.USART_ReceiveData)
    USART_SendData                           0x000012eb   Thumb Code     4  ht32f5xxxx_usart.o(i.USART_SendData)
    USART_TxRxCmd                            0x000012ef   Thumb Code    20  ht32f5xxxx_usart.o(i.USART_TxRxCmd)
    UxART_Configuration                      0x00001305   Thumb Code   120  main.o(i.UxART_Configuration)
    UxART_TxTest                             0x00001385   Thumb Code    40  main.o(i.UxART_TxTest)
    __0printf                                0x00001401   Thumb Code    24  printfa.o(i.__0printf)
    __1printf                                0x00001401   Thumb Code     0  printfa.o(i.__0printf)
    __2printf                                0x00001401   Thumb Code     0  printfa.o(i.__0printf)
    __c89printf                              0x00001401   Thumb Code     0  printfa.o(i.__0printf)
    printf                                   0x00001401   Thumb Code     0  printfa.o(i.__0printf)
    __ARM_clz                                0x00001421   Thumb Code    46  depilogue.o(i.__ARM_clz)
    __ARM_common_switch8                     0x0000144f   Thumb Code    26  ht32f5xxxx_ckcu.o(i.__ARM_common_switch8)
    __scatterload_copy                       0x00001469   Thumb Code    14  handlers.o(i.__scatterload_copy)
    __scatterload_null                       0x00001477   Thumb Code     2  handlers.o(i.__scatterload_null)
    __scatterload_zeroinit                   0x00001479   Thumb Code    14  handlers.o(i.__scatterload_zeroinit)
    delay_ms                                 0x00001d19   Thumb Code    28  delay.o(i.delay_ms)
    delay_us                                 0x00001d35   Thumb Code    78  delay.o(i.delay_us)
    fputc                                    0x00001d91   Thumb Code     8  ht32_retarget.o(i.fputc)
    led_run                                  0x00001d99   Thumb Code   108  main.o(i.led_run)
    main                                     0x00001e19   Thumb Code   110  main.o(i.main)
    gHelloString                             0x00001e9c   Data          45  main.o(.constdata)
    LED_GPIO_ID                              0x00001ecc   Data           3  ht32_board.o(.constdata)
    LED_AFIO_MODE                            0x00001ecf   Data           3  ht32_board.o(.constdata)
    BUTTON_GPIO_ID                           0x00001ed2   Data           3  ht32_board.o(.constdata)
    BUTTON_AFIO_MODE                         0x00001ed5   Data           3  ht32_board.o(.constdata)
    BUTTON_EXTI_CH                           0x00001ed8   Data           3  ht32_board.o(.constdata)
    LED_GPIO_PIN                             0x00001edc   Data           6  ht32_board.o(.constdata)
    BUTTON_GPIO_PIN                          0x00001ee2   Data           6  ht32_board.o(.constdata)
    GPIO_PORT                                0x00001ee8   Data          24  ht32_board.o(.constdata)
    gCOMInfo                                 0x00001f00   Data          16  ht32_board.o(.constdata)
    Region$$Table$$Base                      0x00001f10   Number         0  anon$$obj.o(Region$$Table)
    Region$$Table$$Limit                     0x00001f30   Number         0  anon$$obj.o(Region$$Table)
    cnt                                      0x20000000   Data           4  main.o(.data)
    current_cnt                              0x20000004   Data           4  main.o(.data)
    tick                                     0x20000008   Data           4  main.o(.data)
    gURTx_Length                             0x2000000c   Data           4  main.o(.data)
    gURRx_Length                             0x20000010   Data           4  main.o(.data)
    gIsTxFinished                            0x20000014   Data           4  main.o(.data)
    value_distance                           0x20000018   Data           4  main.o(.data)
    gURTx_Ptr                                0x2000001c   Data           4  main.o(.data)
    gURRx_Ptr                                0x20000020   Data           4  main.o(.data)
    gTimeCount                               0x20000024   Data           4  main.o(.data)
    flag_echo                                0x20000028   Data           4  main.o(.data)
    SystemCoreClock                          0x20000030   Data           4  system_ht32f5xxxx_01.o(.data)
    __stdout                                 0x20000034   Data           4  ht32_retarget.o(.data)
    gIsTMStop                                0x20000038   Data           4  pwm.o(.data)
    gTx_Buffer                               0x2000003c   Data         128  main.o(.bss)
    gRx_Buffer                               0x200000bc   Data         128  main.o(.bss)
    __HT_check_sp                            0x20000140   Data           0  startup_ht32f5xxxx_01.o(STACK)
    __initial_sp                             0x20000340   Data           0  startup_ht32f5xxxx_01.o(STACK)



==============================================================================

Memory Map of the image

  Image Entry point : 0x000000c1

  Load Region LR_1 (Base: 0x00000000, Size: 0x00001f6c, Max: 0xffffffff, ABSOLUTE)

    Execution Region ER_RO (Base: 0x00000000, Size: 0x00001f30, Max: 0xffffffff, ABSOLUTE)

    Base Addr    Size         Type   Attr      Idx    E Section Name        Object

    0x00000000   0x00000164   Code   RO          396  * RESET               startup_ht32f5xxxx_01.o
    0x00000164   0x00000000   Code   RO         3944  * .ARM.Collect$$$$00000000  mc_p.l(entry.o)
    0x00000164   0x00000004   Code   RO         4218    .ARM.Collect$$$$00000001  mc_p.l(entry2.o)
    0x00000168   0x00000004   Code   RO         4221    .ARM.Collect$$$$00000004  mc_p.l(entry5.o)
    0x0000016c   0x00000000   Code   RO         4223    .ARM.Collect$$$$00000008  mc_p.l(entry7b.o)
    0x0000016c   0x00000000   Code   RO         4225    .ARM.Collect$$$$0000000A  mc_p.l(entry8b.o)
    0x0000016c   0x00000008   Code   RO         4226    .ARM.Collect$$$$0000000B  mc_p.l(entry9a.o)
    0x00000174   0x00000000   Code   RO         4228    .ARM.Collect$$$$0000000D  mc_p.l(entry10a.o)
    0x00000174   0x00000000   Code   RO         4230    .ARM.Collect$$$$0000000F  mc_p.l(entry11a.o)
    0x00000174   0x00000004   Code   RO         4219    .ARM.Collect$$$$00002712  mc_p.l(entry2.o)
    0x00000178   0x0000002c   Code   RO         3947    .text               mc_p.l(uidiv.o)
    0x000001a4   0x000000f0   Code   RO         4210    .text               mf_p.l(ddiv.o)
    0x00000294   0x0000001c   Code   RO         4212    .text               mf_p.l(dfltui.o)
    0x000002b0   0x00000028   Code   RO         4214    .text               mf_p.l(f2d.o)
    0x000002d8   0x00000038   Code   RO         4216    .text               mf_p.l(d2f.o)
    0x00000310   0x00000060   Code   RO         4232    .text               mc_p.l(uldiv.o)
    0x00000370   0x00000000   Code   RO         4234    .text               mc_p.l(iusefp.o)
    0x00000370   0x00000082   Code   RO         4235    .text               mf_p.l(fepilogue.o)
    0x000003f2   0x000000be   Code   RO         4237    .text               mf_p.l(depilogue.o)
    0x000004b0   0x00000164   Code   RO         4241    .text               mf_p.l(dadd.o)
    0x00000614   0x000000d0   Code   RO         4243    .text               mf_p.l(dmul.o)
    0x000006e4   0x00000040   Code   RO         4245    .text               mf_p.l(dfixul.o)
    0x00000724   0x00000028   Code   RO         4247    .text               mf_p.l(cdrcmple.o)
    0x0000074c   0x00000024   Code   RO         4249    .text               mc_p.l(init.o)
    0x00000770   0x00000020   Code   RO         4251    .text               mc_p.l(llshl.o)
    0x00000790   0x00000022   Code   RO         4253    .text               mc_p.l(llushr.o)
    0x000007b2   0x00000026   Code   RO         4255    .text               mc_p.l(llsshr.o)
    0x000007d8   0x0000002c   Code   RO         1362    i.AFIO_EXTISourceConfig  ht32f5xxxx_gpio.o
    0x00000804   0x00000058   Code   RO         1363    i.AFIO_GPxConfig    ht32f5xxxx_gpio.o
    0x0000085c   0x00000030   Code   RO            3    i.BFTM0_IRQHandler  main.o
    0x0000088c   0x000000b0   Code   RO            4    i.BFTM1_IRQHandler  main.o
    0x0000093c   0x0000000e   Code   RO          704    i.BFTM_ClearFlag    ht32f5xxxx_bftm.o
    0x0000094a   0x00000002   PAD
    0x0000094c   0x00000050   Code   RO            5    i.BFTM_Configuration  main.o
    0x0000099c   0x0000004c   Code   RO            6    i.BFTM_Configuration_1  main.o
    0x000009e8   0x00000012   Code   RO          706    i.BFTM_EnaCmd       ht32f5xxxx_bftm.o
    0x000009fa   0x00000014   Code   RO          710    i.BFTM_IntConfig    ht32f5xxxx_bftm.o
    0x00000a0e   0x00000004   Code   RO          712    i.BFTM_SetCompare   ht32f5xxxx_bftm.o
    0x00000a12   0x00000004   Code   RO          713    i.BFTM_SetCounter   ht32f5xxxx_bftm.o
    0x00000a16   0x00000014   Code   RO            7    i.CKCU_Configuration  main.o
    0x00000a2a   0x00000002   PAD
    0x00000a2c   0x0000006c   Code   RO          787    i.CKCU_GetClocksFrequency  ht32f5xxxx_ckcu.o
    0x00000a98   0x0000003c   Code   RO          789    i.CKCU_GetPLLFrequency  ht32f5xxxx_ckcu.o
    0x00000ad4   0x00000034   Code   RO          790    i.CKCU_GetPeripFrequency  ht32f5xxxx_ckcu.o
    0x00000b08   0x00000028   Code   RO          805    i.CKCU_PeripClockConfig  ht32f5xxxx_ckcu.o
    0x00000b30   0x00000050   Code   RO            8    i.EXTI0_1_IRQHandler  main.o
    0x00000b80   0x0000002c   Code   RO            9    i.EXTI4_15_IRQHandler  main.o
    0x00000bac   0x00000010   Code   RO         1172    i.EXTI_ClearEdgeFlag  ht32f5xxxx_exti.o
    0x00000bbc   0x00000018   Code   RO         1175    i.EXTI_GetEdgeFlag  ht32f5xxxx_exti.o
    0x00000bd4   0x00000028   Code   RO         1176    i.EXTI_GetEdgeStatus  ht32f5xxxx_exti.o
    0x00000bfc   0x00000020   Code   RO         1179    i.EXTI_Init         ht32f5xxxx_exti.o
    0x00000c1c   0x0000001c   Code   RO         1180    i.EXTI_IntConfig    ht32f5xxxx_exti.o
    0x00000c38   0x00000064   Code   RO           10    i.EXTI_KEY1_Configuration  main.o
    0x00000c9c   0x00000068   Code   RO           11    i.EXTI_WAKE_Configuration  main.o
    0x00000d04   0x00000010   Code   RO         1366    i.GPIO_DirectionConfig  ht32f5xxxx_gpio.o
    0x00000d14   0x00000030   Code   RO         1368    i.GPIO_DriveConfig  ht32f5xxxx_gpio.o
    0x00000d44   0x000000b8   Code   RO           12    i.GPIO_IN_Configuration  main.o
    0x00000dfc   0x00000010   Code   RO         1370    i.GPIO_InputConfig  ht32f5xxxx_gpio.o
    0x00000e0c   0x00000064   Code   RO           13    i.GPIO_OUT_Configuration  main.o
    0x00000e70   0x0000002a   Code   RO         1375    i.GPIO_PullResistorConfig  ht32f5xxxx_gpio.o
    0x00000e9a   0x0000000c   Code   RO         1381    i.GPIO_WriteOutBits  ht32f5xxxx_gpio.o
    0x00000ea6   0x00000002   PAD
    0x00000ea8   0x00000040   Code   RO         3879    i.GPTM0_IRQHandler  pwm.o
    0x00000ee8   0x00000050   Code   RO         3470    i.HT32F_DVB_COMInit  ht32_board.o
    0x00000f38   0x00000058   Code   RO         3471    i.HT32F_DVB_LEDInit  ht32_board.o
    0x00000f90   0x00000018   Code   RO         3472    i.HT32F_DVB_LEDOff  ht32_board.o
    0x00000fa8   0x00000010   Code   RO          319    i.HardFault_Handler  ht32f5xxxx_01_it.o
    0x00000fb8   0x00000002   Code   RO          320    i.NMI_Handler       ht32f5xxxx_01_it.o
    0x00000fba   0x00000002   PAD
    0x00000fbc   0x00000014   Code   RO           14    i.NVIC_EnableIRQ    main.o
    0x00000fd0   0x00000002   Code   RO          321    i.PendSV_Handler    ht32f5xxxx_01_it.o
    0x00000fd2   0x0000001e   Code   RO         3372    i.RETARGET_Configuration  ht32_retarget.o
    0x00000ff0   0x00000014   Code   RO         3438    i.SERIAL_PutChar    ht32_serial.o
    0x00001004   0x00000002   Code   RO          322    i.SVC_Handler       ht32f5xxxx_01_it.o
    0x00001006   0x00000002   PAD
    0x00001008   0x00000018   Code   RO          495    i.SYSTICK_ClockSourceConfig  ht32_cm0plus_misc.o
    0x00001020   0x00000024   Code   RO          496    i.SYSTICK_CounterCmd  ht32_cm0plus_misc.o
    0x00001044   0x00000018   Code   RO          497    i.SYSTICK_IntConfig  ht32_cm0plus_misc.o
    0x0000105c   0x0000000c   Code   RO          498    i.SYSTICK_SetReloadValue  ht32_cm0plus_misc.o
    0x00001068   0x00000010   Code   RO           15    i.SysTick_Handler   main.o
    0x00001078   0x000000fc   Code   RO          362    i.SystemInit        system_ht32f5xxxx_01.o
    0x00001174   0x0000000a   Code   RO         2526    i.TM_ClearFlag      ht32f5xxxx_tm.o
    0x0000117e   0x00000014   Code   RO         2529    i.TM_Cmd            ht32f5xxxx_tm.o
    0x00001192   0x00000010   Code   RO         2542    i.TM_IntConfig      ht32f5xxxx_tm.o
    0x000011a2   0x00000002   PAD
    0x000011a4   0x00000098   Code   RO           16    i.USART1_IRQHandler  main.o
    0x0000123c   0x0000000a   Code   RO         2827    i.USART_GetFlagStatus  ht32f5xxxx_usart.o
    0x00001246   0x0000000a   Code   RO         2828    i.USART_GetIntStatus  ht32f5xxxx_usart.o
    0x00001250   0x00000084   Code   RO         2830    i.USART_Init        ht32f5xxxx_usart.o
    0x000012d4   0x00000010   Code   RO         2831    i.USART_IntConfig   ht32f5xxxx_usart.o
    0x000012e4   0x00000006   Code   RO         2840    i.USART_ReceiveData  ht32f5xxxx_usart.o
    0x000012ea   0x00000004   Code   RO         2841    i.USART_SendData    ht32f5xxxx_usart.o
    0x000012ee   0x00000014   Code   RO         2852    i.USART_TxRxCmd     ht32f5xxxx_usart.o
    0x00001302   0x00000002   PAD
    0x00001304   0x00000080   Code   RO           17    i.UxART_Configuration  main.o
    0x00001384   0x00000034   Code   RO           19    i.UxART_TxTest      main.o
    0x000013b8   0x00000048   Code   RO         3477    i._HT32F_DVB_ClockConfig  ht32_board.o
    0x00001400   0x00000020   Code   RO         4182    i.__0printf         mc_p.l(printfa.o)
    0x00001420   0x0000002e   Code   RO         4239    i.__ARM_clz         mf_p.l(depilogue.o)
    0x0000144e   0x0000001a   Code   RO          978    i.__ARM_common_switch8  ht32f5xxxx_ckcu.o
    0x00001468   0x0000000e   Code   RO         4259    i.__scatterload_copy  mc_p.l(handlers.o)
    0x00001476   0x00000002   Code   RO         4260    i.__scatterload_null  mc_p.l(handlers.o)
    0x00001478   0x0000000e   Code   RO         4261    i.__scatterload_zeroinit  mc_p.l(handlers.o)
    0x00001486   0x00000002   PAD
    0x00001488   0x00000158   Code   RO         4189    i._fp_digits        mc_p.l(printfa.o)
    0x000015e0   0x000006ec   Code   RO         4190    i._printf_core      mc_p.l(printfa.o)
    0x00001ccc   0x00000020   Code   RO         4191    i._printf_post_padding  mc_p.l(printfa.o)
    0x00001cec   0x0000002c   Code   RO         4192    i._printf_pre_padding  mc_p.l(printfa.o)
    0x00001d18   0x0000001c   Code   RO         3914    i.delay_ms          delay.o
    0x00001d34   0x0000005c   Code   RO         3916    i.delay_us          delay.o
    0x00001d90   0x00000008   Code   RO         3377    i.fputc             ht32_retarget.o
    0x00001d98   0x00000080   Code   RO           21    i.led_run           main.o
    0x00001e18   0x00000084   Code   RO           22    i.main              main.o
    0x00001e9c   0x0000002d   Data   RO           24    .constdata          main.o
    0x00001ec9   0x00000003   PAD
    0x00001ecc   0x00000044   Data   RO         3478    .constdata          ht32_board.o
    0x00001f10   0x00000020   Data   RO         4257    Region$$Table       anon$$obj.o


    Execution Region ER_RW (Base: 0x20000000, Size: 0x0000003c, Max: 0xffffffff, ABSOLUTE)

    Base Addr    Size         Type   Attr      Idx    E Section Name        Object

    0x20000000   0x0000002c   Data   RW           25    .data               main.o
    0x2000002c   0x00000004   Data   RW          323    .data               ht32f5xxxx_01_it.o
    0x20000030   0x00000004   Data   RW          363    .data               system_ht32f5xxxx_01.o
    0x20000034   0x00000004   Data   RW         3378    .data               ht32_retarget.o
    0x20000038   0x00000004   Data   RW         3882    .data               pwm.o


    Execution Region ER_ZI (Base: 0x2000003c, Size: 0x00000304, Max: 0xffffffff, ABSOLUTE)

    Base Addr    Size         Type   Attr      Idx    E Section Name        Object

    0x2000003c   0x00000100   Zero   RW           23    .bss                main.o
    0x2000013c   0x00000004   PAD
    0x20000140   0x00000200   Zero   RW          394    STACK               startup_ht32f5xxxx_01.o


==============================================================================

Image component sizes


      Code (inc. data)   RO Data    RW Data    ZI Data      Debug   Object Name

       120         14          0          0          0       1354   delay.o
       264         14         68          0          0      10170   ht32_board.o
        96         18          0          0          0       2038   ht32_cm0plus_misc.o
        38          0          0          4          0       2831   ht32_retarget.o
        20          6          0          0          0        477   ht32_serial.o
        22          6          0          4          0       1593   ht32f5xxxx_01_it.o
        60          0          0          0          0       2784   ht32f5xxxx_bftm.o
       286         40          0          0          0      11656   ht32f5xxxx_ckcu.o
       140         26          0          0          0       5174   ht32f5xxxx_exti.o
       266         12          0          0          0       9852   ht32f5xxxx_gpio.o
         0          0          0          0          0      10020   ht32f5xxxx_mctm.o
        46          0          0          0          0       2781   ht32f5xxxx_tm.o
       198         18          0          0          0      11951   ht32f5xxxx_usart.o
      1640        266         45         44        256      58773   main.o
        64          8          0          4          0        671   pwm.o
       356        238          0          0        512        668   startup_ht32f5xxxx_01.o
       252         20          0          4          0       1755   system_ht32f5xxxx_01.o

    ----------------------------------------------------------------------
      3882        686        148         60        772     134548   Object Totals
         0          0         32          0          0          0   (incl. Generated)
        14          0          3          0          4          0   (incl. Padding)

    ----------------------------------------------------------------------

      Code (inc. data)   RO Data    RW Data    ZI Data      Debug   Library Member Name

         0          0          0          0          0          0   entry.o
         0          0          0          0          0          0   entry10a.o
         0          0          0          0          0          0   entry11a.o
         8          4          0          0          0          0   entry2.o
         4          0          0          0          0          0   entry5.o
         0          0          0          0          0          0   entry7b.o
         0          0          0          0          0          0   entry8b.o
         8          4          0          0          0          0   entry9a.o
        30          0          0          0          0          0   handlers.o
        36          8          0          0          0         68   init.o
         0          0          0          0          0          0   iusefp.o
        32          0          0          0          0         68   llshl.o
        38          0          0          0          0         68   llsshr.o
        34          0          0          0          0         68   llushr.o
      2224         98          0          0          0        412   printfa.o
        44          0          0          0          0         72   uidiv.o
        96          0          0          0          0         84   uldiv.o
        40          2          0          0          0         68   cdrcmple.o
        56          0          0          0          0         68   d2f.o
       356          4          0          0          0        140   dadd.o
       240          6          0          0          0         84   ddiv.o
       236          0          0          0          0        216   depilogue.o
        64         10          0          0          0         68   dfixul.o
        28          4          0          0          0         68   dfltui.o
       208          6          0          0          0         88   dmul.o
        40          0          0          0          0         60   f2d.o
       130          0          0          0          0        144   fepilogue.o

    ----------------------------------------------------------------------
      3954        146          0          0          0       1844   Library Totals
         2          0          0          0          0          0   (incl. Padding)

    ----------------------------------------------------------------------

      Code (inc. data)   RO Data    RW Data    ZI Data      Debug   Library Name

      2554        114          0          0          0        840   mc_p.l
      1398         32          0          0          0       1004   mf_p.l

    ----------------------------------------------------------------------
      3954        146          0          0          0       1844   Library Totals

    ----------------------------------------------------------------------

==============================================================================


      Code (inc. data)   RO Data    RW Data    ZI Data      Debug   

      7836        832        148         60        772     132752   Grand Totals
      7836        832        148         60        772     132752   ELF Image Totals
      7836        832        148         60          0          0   ROM Totals

==============================================================================

    Total RO  Size (Code + RO Data)                 7984 (   7.80kB)
    Total RW  Size (RW Data + ZI Data)               832 (   0.81kB)
    Total ROM Size (Code + RO Data + RW Data)       8044 (   7.86kB)

==============================================================================

