<html>
<body>
<pre>
<h1>µVision Build Log</h1>
<h2>Tool Versions:</h2>
IDE-Version: µVision V5.17.0.0
Copyright (C) 2015 ARM Ltd and ARM Germany GmbH. All rights reserved.
License Information: . trinhlehoang1801@gmail.com, ., LIC=X96CK-ZU2JB-VE9HA-1PX9L-YASNA-DKDDX
 
Tool Versions:
Toolchain:       MDK-ARM Standard  Version: 5.17
Toolchain Path:  C:\Keil_v5\ARM\ARMCC\Bin
C Compiler:      Armcc.exe V5.06 update 1 (build 61)
Assembler:       Armasm.exe V5.06 update 1 (build 61)
Linker/Locator:  ArmLink.exe V5.06 update 1 (build 61)
Library Manager: ArmAr.exe V5.06 update 1 (build 61)
Hex Converter:   FromElf.exe V5.06 update 1 (build 61)
CPU DLL:         SARMCM3.DLL V5.17
Dialog DLL:      DARMCM1.DLL V1.12.0.0
Target DLL:      CMSIS_AGDI.dll V1.23.1.0
Dialog DLL:      TARMCM1.DLL V1.9.0.0
 
<h2>Project:</h2>
D:\holtek\create_project\HCSR04\MDK_ARMv5\Project_52352.uvprojx
Project File Date:  05/19/2021

<h2>Output:</h2>
*** Using Compiler 'V5.06 update 1 (build 61)', folder: 'C:\Keil_v5\ARM\ARMCC\Bin'
Build target 'HT32'
compiling main.c...
linking...
Program Size: Code=7856 RO-data=148 RW-data=60 ZI-data=772  
FromELF: creating hex file...
After Build - User command #1: fromelf --bin -o ".\HT32\52352\Obj\HT32.axf.bin" ".\HT32\52352\Obj\HT32.axf"
".\HT32\52352\Obj\HT32.axf" - 0 Error(s), 0 Warning(s).

<h2>Collection of Component include folders:</h2>
  D:\holtek\create_project\HCSR04\MDK_ARMv5\RTE
  C:\Keil_v5\ARM\PACK\Holtek\HT32_DFP\1.0.28\ARM\INC\Holtek\HT32F5xxxx

<h2>Collection of Component Files used:</h2>
Build Time Elapsed:  00:00:02
</pre>
</body>
</html>
